spring-boot-web|2024-08-01 → 36 pkgs, depth 5, groups 13, unresolved 0 (62ms)
spring-boot-web|2024-09-01 → 37 pkgs, depth 5, groups 13, unresolved 0 (33ms)
spring-boot-web|2024-10-01 → 37 pkgs, depth 5, groups 13, unresolved 0 (24ms)
spring-boot-web|2024-11-01 → 37 pkgs, depth 5, groups 13, unresolved 0 (25ms)
spring-boot-web|2024-12-01 → 36 pkgs, depth 5, groups 13, unresolved 0 (27ms)
spring-boot-web|2025-01-01 → 36 pkgs, depth 5, groups 13, unresolved 0 (23ms)
spring-boot-web|2025-02-01 → 35 pkgs, depth 5, groups 13, unresolved 0 (547ms)
spring-boot-web|2025-03-01 → 35 pkgs, depth 5, groups 13, unresolved 0 (465ms)
spring-boot-web|2025-04-01 → 36 pkgs, depth 5, groups 13, unresolved 0 (823ms)
spring-boot-web|2025-05-01 → 36 pkgs, depth 5, groups 13, unresolved 0 (370ms)
spring-boot-web|2025-06-01 → 36 pkgs, depth 5, groups 13, unresolved 0 (660ms)
spring-boot-web|2025-07-01 → 36 pkgs, depth 5, groups 13, unresolved 0 (600ms)
spring-boot-web|2025-08-01 → 36 pkgs, depth 5, groups 13, unresolved 0 (620ms)
spring-boot-web|2025-09-01 → 36 pkgs, depth 5, groups 13, unresolved 0 (417ms)
spring-boot-web|2025-10-01 → 36 pkgs, depth 5, groups 13, unresolved 0 (404ms)
spring-boot-web|2025-11-01 → 36 pkgs, depth 5, groups 13, unresolved 0 (494ms)
spring-boot-web|2025-12-01 → 40 pkgs, depth 6, groups 14, unresolved 0 (1370ms)
spring-boot-web|2026-01-01 → 40 pkgs, depth 6, groups 14, unresolved 0 (728ms)
spring-boot-web|2026-02-01 → 40 pkgs, depth 6, groups 14, unresolved 0 (583ms)
spring-boot-web|2026-03-01 → 40 pkgs, depth 6, groups 14, unresolved 0 (593ms)
spring-boot-web|2026-04-01 → 36 pkgs, depth 5, groups 13, unresolved 0 (644ms)
spring-boot-web|2026-05-01 → 36 pkgs, depth 5, groups 13, unresolved 0 (416ms)
spring-boot-web|2026-06-01 → 36 pkgs, depth 5, groups 13, unresolved 0 (30ms)
spring-boot-web|2026-07-01 → 37 pkgs, depth 5, groups 13, unresolved 0 (636ms)
spring-boot-web|2026-08-18 → 37 pkgs, depth 5, groups 13, unresolved 0 (22ms)
spring-boot-data-jpa|2024-08-01 → 65 pkgs, depth 7, groups 29, unresolved 0 (2138ms)
spring-boot-data-jpa|2024-09-01 → 56 pkgs, depth 6, groups 29, unresolved 0 (357ms)
spring-boot-data-jpa|2024-10-01 → 56 pkgs, depth 6, groups 29, unresolved 0 (338ms)
spring-boot-data-jpa|2024-11-01 → 56 pkgs, depth 6, groups 29, unresolved 0 (387ms)
spring-boot-data-jpa|2024-12-01 → 54 pkgs, depth 5, groups 29, unresolved 0 (569ms)
spring-boot-data-jpa|2025-01-01 → 54 pkgs, depth 5, groups 29, unresolved 0 (395ms)
spring-boot-data-jpa|2025-02-01 → 53 pkgs, depth 5, groups 29, unresolved 0 (413ms)
spring-boot-data-jpa|2025-03-01 → 53 pkgs, depth 5, groups 29, unresolved 0 (333ms)
spring-boot-data-jpa|2025-04-01 → 62 pkgs, depth 5, groups 29, unresolved 0 (524ms)
spring-boot-data-jpa|2025-05-01 → 54 pkgs, depth 5, groups 29, unresolved 0 (337ms)
spring-boot-data-jpa|2025-06-01 → 54 pkgs, depth 5, groups 29, unresolved 0 (413ms)
spring-boot-data-jpa|2025-07-01 → 54 pkgs, depth 5, groups 29, unresolved 0 (331ms)
spring-boot-data-jpa|2025-08-01 → 54 pkgs, depth 5, groups 29, unresolved 0 (345ms)
spring-boot-data-jpa|2025-09-01 → 53 pkgs, depth 5, groups 29, unresolved 0 (374ms)
spring-boot-data-jpa|2025-10-01 → 53 pkgs, depth 5, groups 29, unresolved 0 (401ms)
spring-boot-data-jpa|2025-11-01 → 53 pkgs, depth 5, groups 29, unresolved 0 (336ms)
spring-boot-data-jpa|2025-12-01 → 68 pkgs, depth 7, groups 30, unresolved 0 (1602ms)
spring-boot-data-jpa|2026-01-01 → 60 pkgs, depth 7, groups 30, unresolved 0 (833ms)
spring-boot-data-jpa|2026-02-01 → 60 pkgs, depth 7, groups 30, unresolved 0 (572ms)
spring-boot-data-jpa|2026-03-01 → 70 pkgs, depth 7, groups 30, unresolved 0 (522ms)
spring-boot-data-jpa|2026-04-01 → 53 pkgs, depth 5, groups 29, unresolved 0 (409ms)
spring-boot-data-jpa|2026-05-01 → 52 pkgs, depth 5, groups 28, unresolved 0 (338ms)
spring-boot-data-jpa|2026-06-01 → 52 pkgs, depth 5, groups 28, unresolved 0 (22ms)
spring-boot-data-jpa|2026-07-01 → 53 pkgs, depth 5, groups 28, unresolved 0 (332ms)
spring-boot-data-jpa|2026-08-18 → 54 pkgs, depth 5, groups 29, unresolved 0 (61ms)
spring-boot-security|2024-08-01 → 35 pkgs, depth 6, groups 9, unresolved 0 (273ms)
spring-boot-security|2024-09-01 → 28 pkgs, depth 5, groups 9, unresolved 0 (121ms)
spring-boot-security|2024-10-01 → 36 pkgs, depth 6, groups 9, unresolved 0 (38ms)
spring-boot-security|2024-11-01 → 28 pkgs, depth 5, groups 9, unresolved 0 (120ms)
spring-boot-security|2024-12-01 → 29 pkgs, depth 5, groups 9, unresolved 0 (156ms)
spring-boot-security|2025-01-01 → 27 pkgs, depth 5, groups 9, unresolved 0 (116ms)
spring-boot-security|2025-02-01 → 34 pkgs, depth 6, groups 9, unresolved 0 (35ms)
spring-boot-security|2025-03-01 → 26 pkgs, depth 5, groups 9, unresolved 0 (127ms)
spring-boot-security|2025-04-01 → 33 pkgs, depth 5, groups 9, unresolved 0 (141ms)
spring-boot-security|2025-05-01 → 29 pkgs, depth 5, groups 9, unresolved 0 (154ms)
spring-boot-security|2025-06-01 → 27 pkgs, depth 5, groups 9, unresolved 0 (130ms)
spring-boot-security|2025-07-01 → 35 pkgs, depth 5, groups 9, unresolved 0 (131ms)
spring-boot-security|2025-08-01 → 35 pkgs, depth 6, groups 9, unresolved 0 (115ms)
spring-boot-security|2025-09-01 → 27 pkgs, depth 5, groups 9, unresolved 0 (124ms)
spring-boot-security|2025-10-01 → 27 pkgs, depth 5, groups 9, unresolved 0 (119ms)
spring-boot-security|2025-11-01 → 27 pkgs, depth 5, groups 9, unresolved 0 (119ms)
spring-boot-security|2025-12-01 → 33 pkgs, depth 6, groups 11, unresolved 0 (175ms)
spring-boot-security|2026-01-01 → 28 pkgs, depth 6, groups 11, unresolved 0 (143ms)
spring-boot-security|2026-02-01 → 35 pkgs, depth 6, groups 11, unresolved 0 (54ms)
spring-boot-security|2026-03-01 → 33 pkgs, depth 6, groups 11, unresolved 0 (258ms)
spring-boot-security|2026-04-01 → 27 pkgs, depth 5, groups 9, unresolved 0 (117ms)
spring-boot-security|2026-05-01 → 27 pkgs, depth 5, groups 9, unresolved 0 (116ms)
spring-boot-security|2026-06-01 → 27 pkgs, depth 5, groups 9, unresolved 0 (16ms)
spring-boot-security|2026-07-01 → 28 pkgs, depth 5, groups 9, unresolved 0 (121ms)
spring-boot-security|2026-08-18 → 28 pkgs, depth 5, groups 9, unresolved 0 (15ms)
quarkus|2024-08-01 → 1 pkgs, depth 1, groups 1, unresolved 0 (447ms)
quarkus|2024-09-01 → 1 pkgs, depth 1, groups 1, unresolved 0 (144ms)
quarkus|2024-10-01 → 1 pkgs, depth 1, groups 1, unresolved 0 (148ms)
quarkus|2024-11-01 → 1 pkgs, depth 1, groups 1, unresolved 0 (13ms)
quarkus|2024-12-01 → 1 pkgs, depth 1, groups 1, unresolved 0 (136ms)
quarkus|2025-01-01 → 1 pkgs, depth 1, groups 1, unresolved 0 (13ms)
quarkus|2025-02-01 → 1 pkgs, depth 1, groups 1, unresolved 0 (483ms)
quarkus|2025-03-01 → 324 pkgs, depth 9, groups 89, unresolved 0 (17605ms)
quarkus|2025-04-01 → 1 pkgs, depth 1, groups 1, unresolved 0 (379ms)
quarkus|2025-05-01 → 1 pkgs, depth 1, groups 1, unresolved 0 (16ms)
quarkus|2025-06-01 → 1 pkgs, depth 1, groups 1, unresolved 0 (309ms)
quarkus|2025-07-01 → 1 pkgs, depth 1, groups 1, unresolved 0 (18ms)
quarkus|2025-08-01 → 1 pkgs, depth 1, groups 1, unresolved 0 (480ms)
quarkus|2025-09-01 → 1 pkgs, depth 1, groups 1, unresolved 0 (295ms)
quarkus|2025-10-01 → 1 pkgs, depth 1, groups 1, unresolved 0 (138ms)
quarkus|2025-11-01 → 1 pkgs, depth 1, groups 1, unresolved 0 (15ms)
quarkus|2025-12-01 → 1 pkgs, depth 1, groups 1, unresolved 0 (15ms)
quarkus|2026-01-01 → 1 pkgs, depth 1, groups 1, unresolved 0 (16ms)
quarkus|2026-02-01 → 1 pkgs, depth 1, groups 1, unresolved 0 (25ms)
quarkus|2026-03-01 → 1 pkgs, depth 1, groups 1, unresolved 0 (24ms)
quarkus|2026-04-01 → 1 pkgs, depth 1, groups 1, unresolved 0 (17ms)
quarkus|2026-05-01 → 1 pkgs, depth 1, groups 1, unresolved 0 (15ms)
quarkus|2026-06-01 → 1 pkgs, depth 1, groups 1, unresolved 0 (15ms)
quarkus|2026-07-01 → 1 pkgs, depth 1, groups 1, unresolved 0 (13ms)
quarkus|2026-08-18 → 1 pkgs, depth 1, groups 1, unresolved 0 (15ms)
micronaut|2024-08-01 → 42 pkgs, depth 6, groups 18, unresolved 0 (1215ms)
micronaut|2024-09-01 → 42 pkgs, depth 6, groups 18, unresolved 0 (648ms)
micronaut|2024-10-01 → 42 pkgs, depth 6, groups 18, unresolved 0 (552ms)
micronaut|2024-11-01 → 42 pkgs, depth 6, groups 18, unresolved 0 (861ms)
micronaut|2024-12-01 → 42 pkgs, depth 6, groups 18, unresolved 0 (595ms)
micronaut|2025-01-01 → 42 pkgs, depth 6, groups 18, unresolved 0 (619ms)
micronaut|2025-02-01 → 42 pkgs, depth 6, groups 18, unresolved 0 (340ms)
micronaut|2025-03-01 → 42 pkgs, depth 6, groups 18, unresolved 0 (859ms)
micronaut|2025-04-01 → 42 pkgs, depth 6, groups 18, unresolved 0 (322ms)
micronaut|2025-05-01 → 42 pkgs, depth 6, groups 18, unresolved 0 (378ms)
micronaut|2025-06-01 → 42 pkgs, depth 6, groups 18, unresolved 0 (333ms)
micronaut|2025-07-01 → 43 pkgs, depth 6, groups 18, unresolved 0 (982ms)
micronaut|2025-08-01 → 50 pkgs, depth 6, groups 20, unresolved 0 (1134ms)
micronaut|2025-09-01 → 41 pkgs, depth 6, groups 16, unresolved 0 (641ms)
micronaut|2025-10-01 → 41 pkgs, depth 6, groups 16, unresolved 0 (611ms)
micronaut|2025-11-01 → 41 pkgs, depth 6, groups 16, unresolved 0 (638ms)
micronaut|2025-12-01 → 41 pkgs, depth 6, groups 16, unresolved 0 (356ms)
micronaut|2026-01-01 → 41 pkgs, depth 6, groups 16, unresolved 0 (898ms)
micronaut|2026-02-01 → 41 pkgs, depth 6, groups 16, unresolved 0 (335ms)
micronaut|2026-03-01 → 55 pkgs, depth 6, groups 23, unresolved 0 (1142ms)
micronaut|2026-04-01 → 38 pkgs, depth 5, groups 16, unresolved 0 (867ms)
micronaut|2026-05-01 → 57 pkgs, depth 6, groups 23, unresolved 0 (1076ms)
micronaut|2026-06-01 → 66 pkgs, depth 7, groups 22, unresolved 0 (1449ms)
micronaut|2026-07-01 → 66 pkgs, depth 7, groups 22, unresolved 0 (632ms)
micronaut|2026-08-18 → 66 pkgs, depth 7, groups 22, unresolved 0 (571ms)
vertx|2024-08-01 → 35 pkgs, depth 8, groups 15, unresolved 0 (340ms)
vertx|2024-09-01 → 35 pkgs, depth 8, groups 15, unresolved 0 (27ms)
vertx|2024-10-01 → 35 pkgs, depth 8, groups 15, unresolved 0 (223ms)
vertx|2024-11-01 → 35 pkgs, depth 8, groups 15, unresolved 0 (26ms)
vertx|2024-12-01 → 43 pkgs, depth 8, groups 18, unresolved 0 (1264ms)
vertx|2025-01-01 → 43 pkgs, depth 8, groups 18, unresolved 0 (953ms)
vertx|2025-02-01 → 43 pkgs, depth 8, groups 18, unresolved 0 (589ms)
vertx|2025-03-01 → 43 pkgs, depth 8, groups 18, unresolved 0 (849ms)
vertx|2025-04-01 → 43 pkgs, depth 8, groups 18, unresolved 0 (69ms)
vertx|2025-05-01 → 43 pkgs, depth 8, groups 18, unresolved 0 (1163ms)
vertx|2025-06-01 → 35 pkgs, depth 8, groups 15, unresolved 0 (721ms)
vertx|2025-07-01 → 37 pkgs, depth 8, groups 15, unresolved 0 (626ms)
vertx|2025-08-01 → 37 pkgs, depth 8, groups 15, unresolved 0 (30ms)
vertx|2025-09-01 → 35 pkgs, depth 8, groups 15, unresolved 0 (631ms)
vertx|2025-10-01 → 35 pkgs, depth 8, groups 13, unresolved 0 (409ms)
vertx|2025-11-01 → 35 pkgs, depth 8, groups 13, unresolved 0 (410ms)
vertx|2025-12-01 → 35 pkgs, depth 8, groups 13, unresolved 0 (33ms)
vertx|2026-01-01 → 35 pkgs, depth 8, groups 13, unresolved 0 (429ms)
vertx|2026-02-01 → 35 pkgs, depth 8, groups 15, unresolved 0 (625ms)
vertx|2026-03-01 → 35 pkgs, depth 8, groups 15, unresolved 0 (218ms)
vertx|2026-04-01 → 32 pkgs, depth 7, groups 13, unresolved 0 (506ms)
vertx|2026-05-01 → 32 pkgs, depth 7, groups 13, unresolved 0 (492ms)
vertx|2026-06-01 → 39 pkgs, depth 8, groups 15, unresolved 0 (1168ms)
vertx|2026-07-01 → 39 pkgs, depth 8, groups 15, unresolved 0 (1222ms)
vertx|2026-08-18 → 33 pkgs, depth 7, groups 15, unresolved 0 (872ms)
jackson|2024-08-01 → 3 pkgs, depth 2, groups 1, unresolved 0 (2ms)
jackson|2024-09-01 → 3 pkgs, depth 2, groups 1, unresolved 0 (2ms)
jackson|2024-10-01 → 3 pkgs, depth 2, groups 1, unresolved 0 (129ms)
jackson|2024-11-01 → 3 pkgs, depth 2, groups 1, unresolved 0 (3ms)
jackson|2024-12-01 → 3 pkgs, depth 2, groups 1, unresolved 0 (3ms)
jackson|2025-01-01 → 3 pkgs, depth 2, groups 1, unresolved 0 (3ms)
jackson|2025-02-01 → 3 pkgs, depth 2, groups 1, unresolved 0 (3ms)
jackson|2025-03-01 → 3 pkgs, depth 2, groups 1, unresolved 0 (2ms)
jackson|2025-04-01 → 3 pkgs, depth 2, groups 1, unresolved 0 (3ms)
jackson|2025-05-01 → 3 pkgs, depth 2, groups 1, unresolved 0 (2ms)
jackson|2025-06-01 → 3 pkgs, depth 2, groups 1, unresolved 0 (95ms)
jackson|2025-07-01 → 3 pkgs, depth 2, groups 1, unresolved 0 (3ms)
jackson|2025-08-01 → 3 pkgs, depth 2, groups 1, unresolved 0 (2ms)
jackson|2025-09-01 → 3 pkgs, depth 2, groups 1, unresolved 0 (79ms)
jackson|2025-10-01 → 3 pkgs, depth 2, groups 1, unresolved 0 (3ms)
jackson|2025-11-01 → 3 pkgs, depth 2, groups 1, unresolved 0 (68ms)
jackson|2025-12-01 → 3 pkgs, depth 2, groups 1, unresolved 0 (3ms)
jackson|2026-01-01 → 3 pkgs, depth 2, groups 1, unresolved 0 (2ms)
jackson|2026-02-01 → 3 pkgs, depth 2, groups 1, unresolved 0 (72ms)
jackson|2026-03-01 → 3 pkgs, depth 2, groups 1, unresolved 0 (77ms)
jackson|2026-04-01 → 3 pkgs, depth 2, groups 1, unresolved 0 (3ms)
jackson|2026-05-01 → 3 pkgs, depth 2, groups 1, unresolved 0 (21ms)
jackson|2026-06-01 → 3 pkgs, depth 2, groups 1, unresolved 0 (2ms)
jackson|2026-07-01 → 3 pkgs, depth 2, groups 1, unresolved 0 (145ms)
jackson|2026-08-18 → 3 pkgs, depth 2, groups 1, unresolved 0 (71ms)
hibernate|2024-08-01 → 19 pkgs, depth 4, groups 16, unresolved 0 (177ms)
hibernate|2024-09-01 → 19 pkgs, depth 4, groups 16, unresolved 0 (22ms)
hibernate|2024-10-01 → 19 pkgs, depth 4, groups 16, unresolved 0 (4ms)
hibernate|2024-11-01 → 19 pkgs, depth 4, groups 16, unresolved 0 (21ms)
hibernate|2024-12-01 → 19 pkgs, depth 4, groups 16, unresolved 0 (21ms)
hibernate|2025-01-01 → 19 pkgs, depth 4, groups 16, unresolved 0 (4ms)
hibernate|2025-02-01 → 19 pkgs, depth 4, groups 16, unresolved 0 (4ms)
hibernate|2025-03-01 → 19 pkgs, depth 4, groups 16, unresolved 0 (22ms)
hibernate|2025-04-01 → 19 pkgs, depth 4, groups 16, unresolved 0 (22ms)
hibernate|2025-05-01 → 18 pkgs, depth 4, groups 15, unresolved 0 (43ms)
hibernate|2025-06-01 → 19 pkgs, depth 4, groups 16, unresolved 0 (25ms)
hibernate|2025-07-01 → 18 pkgs, depth 4, groups 15, unresolved 0 (43ms)
hibernate|2025-08-01 → 18 pkgs, depth 4, groups 15, unresolved 0 (22ms)
hibernate|2025-09-01 → 19 pkgs, depth 4, groups 16, unresolved 0 (22ms)
hibernate|2025-10-01 → 18 pkgs, depth 4, groups 15, unresolved 0 (27ms)
hibernate|2025-11-01 → 18 pkgs, depth 4, groups 15, unresolved 0 (26ms)
hibernate|2025-12-01 → 19 pkgs, depth 4, groups 16, unresolved 0 (24ms)
hibernate|2026-01-01 → 19 pkgs, depth 4, groups 16, unresolved 0 (24ms)
hibernate|2026-02-01 → 18 pkgs, depth 4, groups 15, unresolved 0 (22ms)
hibernate|2026-03-01 → 18 pkgs, depth 4, groups 15, unresolved 0 (22ms)
hibernate|2026-04-01 → 19 pkgs, depth 4, groups 16, unresolved 0 (24ms)
hibernate|2026-05-01 → 17 pkgs, depth 4, groups 14, unresolved 0 (151ms)
hibernate|2026-06-01 → 17 pkgs, depth 4, groups 14, unresolved 0 (21ms)
hibernate|2026-07-01 → 18 pkgs, depth 4, groups 14, unresolved 0 (269ms)
hibernate|2026-08-18 → 18 pkgs, depth 4, groups 15, unresolved 0 (22ms)
junit5|2024-08-01 → 8 pkgs, depth 3, groups 4, unresolved 0 (118ms)
junit5|2024-09-01 → 8 pkgs, depth 3, groups 4, unresolved 0 (110ms)
junit5|2024-10-01 → 8 pkgs, depth 3, groups 4, unresolved 0 (134ms)
junit5|2024-11-01 → 8 pkgs, depth 3, groups 4, unresolved 0 (112ms)
junit5|2024-12-01 → 8 pkgs, depth 3, groups 4, unresolved 0 (2ms)
junit5|2025-01-01 → 8 pkgs, depth 3, groups 4, unresolved 0 (110ms)
junit5|2025-02-01 → 8 pkgs, depth 3, groups 4, unresolved 0 (2ms)
junit5|2025-03-01 → 8 pkgs, depth 3, groups 4, unresolved 0 (127ms)
junit5|2025-04-01 → 8 pkgs, depth 3, groups 4, unresolved 0 (120ms)
junit5|2025-05-01 → 8 pkgs, depth 3, groups 4, unresolved 0 (107ms)
junit5|2025-06-01 → 8 pkgs, depth 3, groups 4, unresolved 0 (135ms)
junit5|2025-07-01 → 8 pkgs, depth 3, groups 4, unresolved 0 (104ms)
junit5|2025-08-01 → 8 pkgs, depth 3, groups 4, unresolved 0 (128ms)
junit5|2025-09-01 → 8 pkgs, depth 3, groups 4, unresolved 0 (2ms)
junit5|2025-10-01 → 9 pkgs, depth 3, groups 5, unresolved 0 (144ms)
junit5|2025-11-01 → 9 pkgs, depth 3, groups 5, unresolved 0 (127ms)
junit5|2025-12-01 → 9 pkgs, depth 3, groups 5, unresolved 0 (1ms)
junit5|2026-01-01 → 9 pkgs, depth 3, groups 5, unresolved 0 (2ms)
junit5|2026-02-01 → 9 pkgs, depth 3, groups 5, unresolved 0 (120ms)
junit5|2026-03-01 → 9 pkgs, depth 3, groups 5, unresolved 0 (119ms)
junit5|2026-04-01 → 9 pkgs, depth 3, groups 5, unresolved 0 (2ms)
junit5|2026-05-01 → 8 pkgs, depth 3, groups 4, unresolved 0 (126ms)
junit5|2026-06-01 → 9 pkgs, depth 3, groups 5, unresolved 0 (126ms)
junit5|2026-07-01 → 9 pkgs, depth 3, groups 5, unresolved 0 (122ms)
junit5|2026-08-18 → 9 pkgs, depth 3, groups 5, unresolved 0 (122ms)
okhttp|2024-08-01 → 12 pkgs, depth 5, groups 4, unresolved 0 (332ms)
okhttp|2024-09-01 → 12 pkgs, depth 5, groups 4, unresolved 0 (2ms)
okhttp|2024-10-01 → 12 pkgs, depth 5, groups 4, unresolved 0 (2ms)
okhttp|2024-11-01 → 12 pkgs, depth 5, groups 4, unresolved 0 (1ms)
okhttp|2024-12-01 → 12 pkgs, depth 5, groups 4, unresolved 0 (1ms)
okhttp|2025-01-01 → 12 pkgs, depth 5, groups 4, unresolved 0 (2ms)
okhttp|2025-02-01 → 12 pkgs, depth 5, groups 4, unresolved 0 (1ms)
okhttp|2025-03-01 → 12 pkgs, depth 5, groups 4, unresolved 0 (3ms)
okhttp|2025-04-01 → 12 pkgs, depth 5, groups 4, unresolved 0 (2ms)
okhttp|2025-05-01 → 12 pkgs, depth 5, groups 4, unresolved 0 (1ms)
okhttp|2025-06-01 → 12 pkgs, depth 5, groups 4, unresolved 0 (2ms)
okhttp|2025-07-01 → 12 pkgs, depth 5, groups 4, unresolved 0 (1ms)
okhttp|2025-08-01 → 6 pkgs, depth 4, groups 4, unresolved 0 (93ms)
okhttp|2025-09-01 → 6 pkgs, depth 4, groups 4, unresolved 0 (1ms)
okhttp|2025-10-01 → 6 pkgs, depth 4, groups 4, unresolved 0 (1ms)
okhttp|2025-11-01 → 6 pkgs, depth 4, groups 4, unresolved 0 (93ms)
okhttp|2025-12-01 → 5 pkgs, depth 3, groups 4, unresolved 0 (60ms)
okhttp|2026-01-01 → 5 pkgs, depth 3, groups 4, unresolved 0 (0ms)
okhttp|2026-02-01 → 5 pkgs, depth 3, groups 4, unresolved 0 (1ms)
okhttp|2026-03-01 → 5 pkgs, depth 3, groups 4, unresolved 0 (1ms)
okhttp|2026-04-01 → 5 pkgs, depth 3, groups 4, unresolved 0 (1ms)
okhttp|2026-05-01 → 5 pkgs, depth 3, groups 4, unresolved 0 (1ms)
okhttp|2026-06-01 → 5 pkgs, depth 3, groups 4, unresolved 0 (0ms)
okhttp|2026-07-01 → 5 pkgs, depth 3, groups 4, unresolved 0 (54ms)
okhttp|2026-08-18 → 5 pkgs, depth 3, groups 4, unresolved 0 (60ms)
guava|2024-08-01 → 7 pkgs, depth 2, groups 5, unresolved 0 (126ms)
guava|2024-09-01 → 7 pkgs, depth 2, groups 5, unresolved 0 (87ms)
guava|2024-10-01 → 7 pkgs, depth 2, groups 5, unresolved 0 (35ms)
guava|2024-11-01 → 7 pkgs, depth 2, groups 5, unresolved 0 (1ms)
guava|2024-12-01 → 7 pkgs, depth 2, groups 5, unresolved 0 (1ms)
guava|2025-01-01 → 7 pkgs, depth 2, groups 5, unresolved 0 (75ms)
guava|2025-02-01 → 7 pkgs, depth 2, groups 5, unresolved 0 (2ms)
guava|2025-03-01 → 7 pkgs, depth 2, groups 5, unresolved 0 (1ms)
guava|2025-04-01 → 6 pkgs, depth 2, groups 4, unresolved 0 (71ms)
guava|2025-05-01 → 6 pkgs, depth 2, groups 4, unresolved 0 (37ms)
guava|2025-06-01 → 6 pkgs, depth 2, groups 4, unresolved 0 (1ms)
guava|2025-07-01 → 6 pkgs, depth 2, groups 4, unresolved 0 (1ms)
guava|2025-08-01 → 6 pkgs, depth 2, groups 4, unresolved 0 (1ms)
guava|2025-09-01 → 6 pkgs, depth 2, groups 4, unresolved 0 (1ms)
guava|2025-10-01 → 6 pkgs, depth 2, groups 4, unresolved 0 (86ms)
guava|2025-11-01 → 6 pkgs, depth 2, groups 4, unresolved 0 (1ms)
guava|2025-12-01 → 6 pkgs, depth 2, groups 4, unresolved 0 (0ms)
guava|2026-01-01 → 6 pkgs, depth 2, groups 4, unresolved 0 (1ms)
guava|2026-02-01 → 6 pkgs, depth 2, groups 4, unresolved 0 (0ms)
guava|2026-03-01 → 6 pkgs, depth 2, groups 4, unresolved 0 (0ms)
guava|2026-04-01 → 6 pkgs, depth 2, groups 4, unresolved 0 (0ms)
guava|2026-05-01 → 6 pkgs, depth 2, groups 4, unresolved 0 (71ms)
guava|2026-06-01 → 6 pkgs, depth 2, groups 4, unresolved 0 (1ms)
guava|2026-07-01 → 6 pkgs, depth 2, groups 4, unresolved 0 (1ms)
guava|2026-08-18 → 6 pkgs, depth 2, groups 4, unresolved 0 (94ms)
kafka|2024-08-01 → 5 pkgs, depth 2, groups 5, unresolved 0 (162ms)
kafka|2024-09-01 → 5 pkgs, depth 2, groups 5, unresolved 0 (1ms)
kafka|2024-10-01 → 5 pkgs, depth 2, groups 5, unresolved 0 (0ms)
kafka|2024-11-01 → 5 pkgs, depth 2, groups 5, unresolved 0 (41ms)
kafka|2024-12-01 → 5 pkgs, depth 2, groups 5, unresolved 0 (0ms)
kafka|2025-01-01 → 5 pkgs, depth 2, groups 5, unresolved 0 (18ms)
kafka|2025-02-01 → 5 pkgs, depth 2, groups 5, unresolved 0 (0ms)
kafka|2025-03-01 → 5 pkgs, depth 2, groups 5, unresolved 0 (1ms)
kafka|2025-04-01 → 5 pkgs, depth 2, groups 5, unresolved 0 (34ms)
kafka|2025-05-01 → 5 pkgs, depth 2, groups 5, unresolved 0 (1ms)
kafka|2025-06-01 → 5 pkgs, depth 2, groups 5, unresolved 0 (20ms)
kafka|2025-07-01 → 5 pkgs, depth 2, groups 5, unresolved 0 (1ms)
kafka|2025-08-01 → 5 pkgs, depth 2, groups 5, unresolved 0 (1ms)
kafka|2025-09-01 → 5 pkgs, depth 2, groups 5, unresolved 0 (60ms)
kafka|2025-10-01 → 5 pkgs, depth 2, groups 5, unresolved 0 (20ms)
kafka|2025-11-01 → 5 pkgs, depth 2, groups 5, unresolved 0 (17ms)
kafka|2025-12-01 → 5 pkgs, depth 2, groups 5, unresolved 0 (0ms)
kafka|2026-01-01 → 5 pkgs, depth 2, groups 5, unresolved 0 (0ms)
kafka|2026-02-01 → 5 pkgs, depth 2, groups 5, unresolved 0 (1ms)
kafka|2026-03-01 → 5 pkgs, depth 2, groups 5, unresolved 0 (63ms)
kafka|2026-04-01 → 5 pkgs, depth 2, groups 5, unresolved 0 (22ms)
kafka|2026-05-01 → 5 pkgs, depth 2, groups 5, unresolved 0 (0ms)
kafka|2026-06-01 → 5 pkgs, depth 2, groups 5, unresolved 0 (34ms)
kafka|2026-07-01 → 5 pkgs, depth 2, groups 5, unresolved 0 (18ms)
kafka|2026-08-18 → 5 pkgs, depth 2, groups 5, unresolved 0 (1ms)
netty|2024-08-01 → 146 pkgs, depth 9, groups 45, unresolved 1 (5092ms)
netty|2024-09-01 → 146 pkgs, depth 9, groups 45, unresolved 1 (58ms)
netty|2024-10-01 → 146 pkgs, depth 9, groups 45, unresolved 1 (490ms)
netty|2024-11-01 → 146 pkgs, depth 9, groups 45, unresolved 1 (455ms)
netty|2024-12-01 → 146 pkgs, depth 9, groups 45, unresolved 1 (442ms)
netty|2025-01-01 → 146 pkgs, depth 9, groups 45, unresolved 1 (467ms)
netty|2025-02-01 → 146 pkgs, depth 9, groups 45, unresolved 1 (710ms)
netty|2025-03-01 → 146 pkgs, depth 9, groups 45, unresolved 1 (644ms)
netty|2025-04-01 → 146 pkgs, depth 9, groups 45, unresolved 1 (50ms)
netty|2025-05-01 → 146 pkgs, depth 9, groups 45, unresolved 1 (378ms)
netty|2025-06-01 → 158 pkgs, depth 9, groups 49, unresolved 1 (939ms)
netty|2025-07-01 → 159 pkgs, depth 9, groups 49, unresolved 1 (524ms)
netty|2025-08-01 → 146 pkgs, depth 9, groups 45, unresolved 1 (646ms)
netty|2025-09-01 → 159 pkgs, depth 9, groups 49, unresolved 1 (690ms)
netty|2025-10-01 → 159 pkgs, depth 9, groups 49, unresolved 1 (816ms)
netty|2025-11-01 → 146 pkgs, depth 9, groups 45, unresolved 1 (638ms)
netty|2025-12-01 → 146 pkgs, depth 9, groups 45, unresolved 1 (54ms)
netty|2026-01-01 → 158 pkgs, depth 9, groups 48, unresolved 1 (572ms)
netty|2026-02-01 → 158 pkgs, depth 9, groups 48, unresolved 1 (62ms)
netty|2026-03-01 → 143 pkgs, depth 9, groups 45, unresolved 1 (657ms)
netty|2026-04-01 → 155 pkgs, depth 9, groups 48, unresolved 1 (577ms)
netty|2026-05-01 → 155 pkgs, depth 9, groups 48, unresolved 1 (60ms)
netty|2026-06-01 → 143 pkgs, depth 9, groups 45, unresolved 1 (695ms)
netty|2026-07-01 → 143 pkgs, depth 9, groups 45, unresolved 1 (631ms)
netty|2026-08-18 → 143 pkgs, depth 9, groups 45, unresolved 1 (408ms)
log4j|2024-08-01 → 2 pkgs, depth 2, groups 1, unresolved 0 (56ms)
log4j|2024-09-01 → 2 pkgs, depth 2, groups 1, unresolved 0 (10ms)
log4j|2024-10-01 → 2 pkgs, depth 2, groups 1, unresolved 0 (27ms)
log4j|2024-11-01 → 2 pkgs, depth 2, groups 1, unresolved 0 (7ms)
log4j|2024-12-01 → 2 pkgs, depth 2, groups 1, unresolved 0 (91ms)
log4j|2025-01-01 → 2 pkgs, depth 2, groups 1, unresolved 0 (25ms)
log4j|2025-02-01 → 2 pkgs, depth 2, groups 1, unresolved 0 (8ms)
log4j|2025-03-01 → 2 pkgs, depth 2, groups 1, unresolved 0 (6ms)
log4j|2025-04-01 → 2 pkgs, depth 2, groups 1, unresolved 0 (6ms)
log4j|2025-05-01 → 2 pkgs, depth 2, groups 1, unresolved 0 (9ms)
log4j|2025-06-01 → 2 pkgs, depth 2, groups 1, unresolved 0 (10ms)
log4j|2025-07-01 → 2 pkgs, depth 2, groups 1, unresolved 0 (81ms)
log4j|2025-08-01 → 2 pkgs, depth 2, groups 1, unresolved 0 (89ms)
log4j|2025-09-01 → 2 pkgs, depth 2, groups 1, unresolved 0 (6ms)
log4j|2025-10-01 → 2 pkgs, depth 2, groups 1, unresolved 0 (28ms)
log4j|2025-11-01 → 2 pkgs, depth 2, groups 1, unresolved 0 (8ms)
log4j|2025-12-01 → 2 pkgs, depth 2, groups 1, unresolved 0 (6ms)
log4j|2026-01-01 → 2 pkgs, depth 2, groups 1, unresolved 0 (24ms)
log4j|2026-02-01 → 2 pkgs, depth 2, groups 1, unresolved 0 (5ms)
log4j|2026-03-01 → 2 pkgs, depth 2, groups 1, unresolved 0 (5ms)
log4j|2026-04-01 → 2 pkgs, depth 2, groups 1, unresolved 0 (80ms)
log4j|2026-05-01 → 2 pkgs, depth 2, groups 1, unresolved 0 (6ms)
log4j|2026-06-01 → 2 pkgs, depth 2, groups 1, unresolved 0 (78ms)
log4j|2026-07-01 → 2 pkgs, depth 2, groups 1, unresolved 0 (91ms)
log4j|2026-08-18 → 2 pkgs, depth 2, groups 1, unresolved 0 (85ms)
done
