{"stack":"express","direct":1,"installed":66,"depth":8,"bytes":2196451,"files":595,"installMs":1364,"loaded":{"packages":65,"files":120}}
{"stack":"next","direct":3,"installed":21,"depth":4,"bytes":311468530,"files":8878,"installMs":10364,"loaded":null}
{"stack":"nestjs","direct":4,"installed":21,"depth":5,"bytes":6490143,"files":3282,"installMs":3304,"loaded":{"packages":10,"files":565}}
{"stack":"vite-react","direct":3,"installed":17,"depth":3,"bytes":27716175,"files":298,"installMs":4557,"loaded":null}
{"stack":"prisma","direct":1,"installed":1,"depth":2,"bytes":76992088,"files":116,"installMs":4892,"loaded":{"packages":2,"files":2}}
{"stack":"axios","direct":1,"installed":27,"depth":7,"bytes":2635798,"files":405,"installMs":866,"loaded":{"packages":26,"files":65}}
express-api|2024-08-01 → 3 pkgs, 2 publishers, 0 install scripts (9ms)
express-api|2024-09-01 → 3 pkgs, 2 publishers, 0 install scripts (2ms)
express-api|2024-10-01 → 80 pkgs, 20 publishers, 0 install scripts (21ms)
express-api|2024-11-01 → 80 pkgs, 20 publishers, 0 install scripts (7ms)
express-api|2024-12-01 → 80 pkgs, 20 publishers, 0 install scripts (6ms)
express-api|2025-01-01 → 83 pkgs, 20 publishers, 0 install scripts (5ms)
express-api|2025-02-01 → 84 pkgs, 20 publishers, 0 install scripts (96ms)
express-api|2025-03-01 → 81 pkgs, 20 publishers, 0 install scripts (9ms)
express-api|2025-04-01 → 68 pkgs, 17 publishers, 0 install scripts (8ms)
express-api|2025-05-01 → 68 pkgs, 17 publishers, 0 install scripts (6ms)
express-api|2025-06-01 → 68 pkgs, 17 publishers, 0 install scripts (5ms)
express-api|2025-07-01 → 69 pkgs, 17 publishers, 0 install scripts (5ms)
express-api|2025-08-01 → 69 pkgs, 17 publishers, 0 install scripts (4ms)
express-api|2025-09-01 → 69 pkgs, 17 publishers, 0 install scripts (3ms)
express-api|2025-10-01 → 73 pkgs, 18 publishers, 0 install scripts (77ms)
express-api|2025-11-01 → 73 pkgs, 18 publishers, 0 install scripts (5ms)
express-api|2025-12-01 → 70 pkgs, 16 publishers, 0 install scripts (5ms)
express-api|2026-01-01 → 70 pkgs, 16 publishers, 0 install scripts (5ms)
express-api|2026-02-01 → 70 pkgs, 16 publishers, 0 install scripts (4ms)
express-api|2026-03-01 → 70 pkgs, 16 publishers, 0 install scripts (4ms)
express-api|2026-04-01 → 70 pkgs, 16 publishers, 0 install scripts (4ms)
express-api|2026-05-01 → 70 pkgs, 16 publishers, 0 install scripts (5ms)
express-api|2026-06-01 → 71 pkgs, 16 publishers, 0 install scripts (5ms)
express-api|2026-07-01 → 71 pkgs, 16 publishers, 0 install scripts (4ms)
express-api|2026-08-18 → 71 pkgs, 16 publishers, 0 install scripts (5ms)
fastify|2024-08-01 → 0 pkgs, 0 publishers, 0 install scripts (101ms)
fastify|2024-09-01 → 0 pkgs, 0 publishers, 0 install scripts (1ms)
fastify|2024-10-01 → 56 pkgs, 21 publishers, 0 install scripts (800ms)
fastify|2024-11-01 → 46 pkgs, 18 publishers, 0 install scripts (5ms)
fastify|2024-12-01 → 46 pkgs, 18 publishers, 0 install scripts (11ms)
fastify|2025-01-01 → 46 pkgs, 19 publishers, 0 install scripts (3ms)
fastify|2025-02-01 → 46 pkgs, 19 publishers, 0 install scripts (104ms)
fastify|2025-03-01 → 46 pkgs, 19 publishers, 0 install scripts (7ms)
fastify|2025-04-01 → 46 pkgs, 19 publishers, 0 install scripts (4ms)
fastify|2025-05-01 → 47 pkgs, 19 publishers, 0 install scripts (8ms)
fastify|2025-06-01 → 47 pkgs, 19 publishers, 0 install scripts (3ms)
fastify|2025-07-01 → 47 pkgs, 19 publishers, 0 install scripts (4ms)
fastify|2025-08-01 → 47 pkgs, 19 publishers, 0 install scripts (8ms)
fastify|2025-09-01 → 47 pkgs, 19 publishers, 0 install scripts (3ms)
fastify|2025-10-01 → 47 pkgs, 20 publishers, 0 install scripts (187ms)
fastify|2025-11-01 → 47 pkgs, 19 publishers, 0 install scripts (50ms)
fastify|2025-12-01 → 47 pkgs, 19 publishers, 0 install scripts (6ms)
fastify|2026-01-01 → 47 pkgs, 19 publishers, 0 install scripts (6ms)
fastify|2026-02-01 → 47 pkgs, 19 publishers, 0 install scripts (7ms)
fastify|2026-03-01 → 47 pkgs, 20 publishers, 0 install scripts (4ms)
fastify|2026-04-01 → 47 pkgs, 20 publishers, 0 install scripts (7ms)
fastify|2026-05-01 → 47 pkgs, 20 publishers, 0 install scripts (4ms)
fastify|2026-06-01 → 48 pkgs, 18 publishers, 0 install scripts (3ms)
fastify|2026-07-01 → 48 pkgs, 18 publishers, 0 install scripts (6ms)
fastify|2026-08-18 → 49 pkgs, 18 publishers, 0 install scripts (4ms)
nestjs|2024-08-01 → 3 pkgs, 3 publishers, 0 install scripts (128ms)
nestjs|2024-09-01 → 3 pkgs, 3 publishers, 0 install scripts (4ms)
nestjs|2024-10-01 → 3 pkgs, 3 publishers, 0 install scripts (2ms)
nestjs|2024-11-01 → 3 pkgs, 3 publishers, 0 install scripts (3ms)
nestjs|2024-12-01 → 3 pkgs, 3 publishers, 0 install scripts (1ms)
nestjs|2025-01-01 → 3 pkgs, 3 publishers, 0 install scripts (1ms)
nestjs|2025-02-01 → 12 pkgs, 10 publishers, 0 install scripts (238ms)
nestjs|2025-03-01 → 12 pkgs, 10 publishers, 0 install scripts (2ms)
nestjs|2025-04-01 → 12 pkgs, 10 publishers, 0 install scripts (6ms)
nestjs|2025-05-01 → 24 pkgs, 16 publishers, 0 install scripts (140ms)
nestjs|2025-06-01 → 24 pkgs, 16 publishers, 0 install scripts (2ms)
nestjs|2025-07-01 → 23 pkgs, 16 publishers, 0 install scripts (5ms)
nestjs|2025-08-01 → 23 pkgs, 16 publishers, 0 install scripts (3ms)
nestjs|2025-09-01 → 24 pkgs, 16 publishers, 0 install scripts (54ms)
nestjs|2025-10-01 → 24 pkgs, 16 publishers, 0 install scripts (4ms)
nestjs|2025-11-01 → 24 pkgs, 16 publishers, 0 install scripts (7ms)
nestjs|2025-12-01 → 24 pkgs, 16 publishers, 0 install scripts (4ms)
nestjs|2026-01-01 → 23 pkgs, 15 publishers, 0 install scripts (7ms)
nestjs|2026-02-01 → 23 pkgs, 15 publishers, 0 install scripts (6ms)
nestjs|2026-03-01 → 23 pkgs, 15 publishers, 0 install scripts (3ms)
nestjs|2026-04-01 → 23 pkgs, 15 publishers, 0 install scripts (4ms)
nestjs|2026-05-01 → 23 pkgs, 15 publishers, 0 install scripts (3ms)
nestjs|2026-06-01 → 23 pkgs, 15 publishers, 0 install scripts (7ms)
nestjs|2026-07-01 → 21 pkgs, 13 publishers, 0 install scripts (5ms)
nestjs|2026-08-18 → 21 pkgs, 13 publishers, 0 install scripts (5ms)
next|2024-08-01 → 0 pkgs, 0 publishers, 0 install scripts (1280ms)
next|2024-09-01 → 0 pkgs, 0 publishers, 0 install scripts (17ms)
next|2024-10-01 → 0 pkgs, 0 publishers, 0 install scripts (14ms)
next|2024-11-01 → 0 pkgs, 0 publishers, 0 install scripts (13ms)
next|2024-12-01 → 0 pkgs, 0 publishers, 0 install scripts (13ms)
next|2025-01-01 → 3 pkgs, 1 publishers, 0 install scripts (263ms)
next|2025-02-01 → 3 pkgs, 1 publishers, 0 install scripts (28ms)
next|2025-03-01 → 3 pkgs, 1 publishers, 0 install scripts (19ms)
next|2025-04-01 → 3 pkgs, 1 publishers, 0 install scripts (18ms)
next|2025-05-01 → 3 pkgs, 1 publishers, 0 install scripts (17ms)
next|2025-06-01 → 3 pkgs, 1 publishers, 0 install scripts (18ms)
next|2025-07-01 → 3 pkgs, 1 publishers, 0 install scripts (18ms)
next|2025-08-01 → 3 pkgs, 1 publishers, 0 install scripts (19ms)
next|2025-09-01 → 3 pkgs, 1 publishers, 0 install scripts (26ms)
next|2025-10-01 → 3 pkgs, 1 publishers, 0 install scripts (20ms)
next|2025-11-01 → 3 pkgs, 1 publishers, 0 install scripts (18ms)
next|2025-12-01 → 3 pkgs, 1 publishers, 0 install scripts (25ms)
next|2026-01-01 → 14 pkgs, 9 publishers, 0 install scripts (379ms)
next|2026-02-01 → 14 pkgs, 9 publishers, 0 install scripts (38ms)
next|2026-03-01 → 14 pkgs, 9 publishers, 0 install scripts (28ms)
next|2026-04-01 → 14 pkgs, 9 publishers, 0 install scripts (27ms)
next|2026-05-01 → 14 pkgs, 9 publishers, 0 install scripts (32ms)
next|2026-06-01 → 14 pkgs, 9 publishers, 0 install scripts (34ms)
next|2026-07-01 → 14 pkgs, 9 publishers, 0 install scripts (36ms)
next|2026-08-18 → 14 pkgs, 9 publishers, 0 install scripts (34ms)
vite-react|2024-08-01 → 0 pkgs, 0 publishers, 0 install scripts (2322ms)
vite-react|2024-09-01 → 0 pkgs, 0 publishers, 0 install scripts (14ms)
vite-react|2024-10-01 → 0 pkgs, 0 publishers, 0 install scripts (14ms)
vite-react|2024-11-01 → 0 pkgs, 0 publishers, 0 install scripts (12ms)
vite-react|2024-12-01 → 8 pkgs, 7 publishers, 0 install scripts (283ms)
vite-react|2025-01-01 → 11 pkgs, 8 publishers, 0 install scripts (22ms)
vite-react|2025-02-01 → 11 pkgs, 8 publishers, 0 install scripts (19ms)
vite-react|2025-03-01 → 11 pkgs, 8 publishers, 0 install scripts (25ms)
vite-react|2025-04-01 → 11 pkgs, 8 publishers, 0 install scripts (14ms)
vite-react|2025-05-01 → 14 pkgs, 11 publishers, 0 install scripts (51ms)
vite-react|2025-06-01 → 14 pkgs, 11 publishers, 0 install scripts (20ms)
vite-react|2025-07-01 → 14 pkgs, 11 publishers, 0 install scripts (15ms)
vite-react|2025-08-01 → 14 pkgs, 11 publishers, 0 install scripts (15ms)
vite-react|2025-09-01 → 14 pkgs, 11 publishers, 0 install scripts (15ms)
vite-react|2025-10-01 → 14 pkgs, 11 publishers, 0 install scripts (15ms)
vite-react|2025-11-01 → 14 pkgs, 10 publishers, 0 install scripts (15ms)
vite-react|2025-12-01 → 14 pkgs, 10 publishers, 0 install scripts (15ms)
vite-react|2026-01-01 → 14 pkgs, 10 publishers, 0 install scripts (15ms)
vite-react|2026-02-01 → 14 pkgs, 10 publishers, 0 install scripts (17ms)
vite-react|2026-03-01 → 14 pkgs, 10 publishers, 0 install scripts (16ms)
vite-react|2026-04-01 → 14 pkgs, 10 publishers, 0 install scripts (15ms)
vite-react|2026-05-01 → 14 pkgs, 9 publishers, 0 install scripts (15ms)
vite-react|2026-06-01 → 14 pkgs, 9 publishers, 0 install scripts (16ms)
vite-react|2026-07-01 → 14 pkgs, 8 publishers, 0 install scripts (17ms)
vite-react|2026-08-18 → 14 pkgs, 8 publishers, 0 install scripts (16ms)
angular|2024-08-01 → 2 pkgs, 2 publishers, 0 install scripts (179ms)
angular|2024-09-01 → 3 pkgs, 3 publishers, 0 install scripts (5ms)
angular|2024-10-01 → 3 pkgs, 3 publishers, 0 install scripts (4ms)
angular|2024-11-01 → 3 pkgs, 3 publishers, 0 install scripts (3ms)
angular|2024-12-01 → 5 pkgs, 3 publishers, 0 install scripts (3ms)
angular|2025-01-01 → 5 pkgs, 3 publishers, 0 install scripts (4ms)
angular|2025-02-01 → 5 pkgs, 3 publishers, 0 install scripts (3ms)
angular|2025-03-01 → 5 pkgs, 3 publishers, 0 install scripts (4ms)
angular|2025-04-01 → 5 pkgs, 3 publishers, 0 install scripts (5ms)
angular|2025-05-01 → 5 pkgs, 3 publishers, 0 install scripts (4ms)
angular|2025-06-01 → 5 pkgs, 3 publishers, 0 install scripts (4ms)
angular|2025-07-01 → 5 pkgs, 3 publishers, 0 install scripts (3ms)
angular|2025-08-01 → 5 pkgs, 3 publishers, 0 install scripts (4ms)
angular|2025-09-01 → 5 pkgs, 3 publishers, 0 install scripts (3ms)
angular|2025-10-01 → 5 pkgs, 3 publishers, 0 install scripts (4ms)
angular|2025-11-01 → 5 pkgs, 3 publishers, 0 install scripts (6ms)
angular|2025-12-01 → 5 pkgs, 3 publishers, 0 install scripts (3ms)
angular|2026-01-01 → 5 pkgs, 3 publishers, 0 install scripts (4ms)
angular|2026-02-01 → 5 pkgs, 3 publishers, 0 install scripts (4ms)
angular|2026-03-01 → 5 pkgs, 3 publishers, 0 install scripts (4ms)
angular|2026-04-01 → 5 pkgs, 3 publishers, 0 install scripts (4ms)
angular|2026-05-01 → 5 pkgs, 3 publishers, 0 install scripts (4ms)
angular|2026-06-01 → 5 pkgs, 3 publishers, 0 install scripts (4ms)
angular|2026-07-01 → 5 pkgs, 3 publishers, 0 install scripts (4ms)
angular|2026-08-18 → 5 pkgs, 3 publishers, 0 install scripts (4ms)
vue|2024-08-01 → 0 pkgs, 0 publishers, 0 install scripts (85ms)
vue|2024-09-01 → 0 pkgs, 0 publishers, 0 install scripts (1ms)
vue|2024-10-01 → 24 pkgs, 11 publishers, 0 install scripts (388ms)
vue|2024-11-01 → 23 pkgs, 10 publishers, 0 install scripts (13ms)
vue|2024-12-01 → 23 pkgs, 10 publishers, 0 install scripts (10ms)
vue|2025-01-01 → 23 pkgs, 10 publishers, 0 install scripts (12ms)
vue|2025-02-01 → 23 pkgs, 10 publishers, 0 install scripts (10ms)
vue|2025-03-01 → 23 pkgs, 10 publishers, 0 install scripts (9ms)
vue|2025-04-01 → 23 pkgs, 10 publishers, 0 install scripts (10ms)
vue|2025-05-01 → 23 pkgs, 10 publishers, 0 install scripts (10ms)
vue|2025-06-01 → 23 pkgs, 10 publishers, 0 install scripts (10ms)
vue|2025-07-01 → 23 pkgs, 10 publishers, 0 install scripts (10ms)
vue|2025-08-01 → 23 pkgs, 10 publishers, 0 install scripts (9ms)
vue|2025-09-01 → 23 pkgs, 10 publishers, 0 install scripts (9ms)
vue|2025-10-01 → 23 pkgs, 10 publishers, 0 install scripts (9ms)
vue|2025-11-01 → 23 pkgs, 9 publishers, 0 install scripts (10ms)
vue|2025-12-01 → 23 pkgs, 9 publishers, 0 install scripts (11ms)
vue|2026-01-01 → 23 pkgs, 9 publishers, 0 install scripts (10ms)
vue|2026-02-01 → 23 pkgs, 9 publishers, 0 install scripts (9ms)
vue|2026-03-01 → 23 pkgs, 9 publishers, 0 install scripts (10ms)
vue|2026-04-01 → 23 pkgs, 9 publishers, 0 install scripts (11ms)
vue|2026-05-01 → 23 pkgs, 9 publishers, 0 install scripts (11ms)
vue|2026-06-01 → 23 pkgs, 8 publishers, 0 install scripts (11ms)
vue|2026-07-01 → 23 pkgs, 7 publishers, 0 install scripts (11ms)
vue|2026-08-18 → 23 pkgs, 7 publishers, 0 install scripts (12ms)
svelte|2024-08-01 → 0 pkgs, 0 publishers, 0 install scripts (147ms)
svelte|2024-09-01 → 0 pkgs, 0 publishers, 0 install scripts (1ms)
svelte|2024-10-01 → 0 pkgs, 0 publishers, 0 install scripts (2ms)
svelte|2024-11-01 → 18 pkgs, 9 publishers, 0 install scripts (486ms)
svelte|2024-12-01 → 18 pkgs, 9 publishers, 0 install scripts (3ms)
svelte|2025-01-01 → 19 pkgs, 10 publishers, 0 install scripts (28ms)
svelte|2025-02-01 → 19 pkgs, 10 publishers, 0 install scripts (2ms)
svelte|2025-03-01 → 19 pkgs, 10 publishers, 0 install scripts (2ms)
svelte|2025-04-01 → 19 pkgs, 9 publishers, 0 install scripts (44ms)
svelte|2025-05-01 → 19 pkgs, 9 publishers, 0 install scripts (5ms)
svelte|2025-06-01 → 19 pkgs, 9 publishers, 0 install scripts (4ms)
svelte|2025-07-01 → 18 pkgs, 9 publishers, 0 install scripts (5ms)
svelte|2025-08-01 → 18 pkgs, 9 publishers, 0 install scripts (5ms)
svelte|2025-09-01 → 18 pkgs, 9 publishers, 0 install scripts (43ms)
svelte|2025-10-01 → 18 pkgs, 10 publishers, 0 install scripts (4ms)
svelte|2025-11-01 → 18 pkgs, 8 publishers, 0 install scripts (4ms)
svelte|2025-12-01 → 19 pkgs, 8 publishers, 0 install scripts (34ms)
svelte|2026-01-01 → 19 pkgs, 8 publishers, 0 install scripts (4ms)
svelte|2026-02-01 → 19 pkgs, 8 publishers, 0 install scripts (5ms)
svelte|2026-03-01 → 20 pkgs, 8 publishers, 0 install scripts (41ms)
svelte|2026-04-01 → 21 pkgs, 8 publishers, 0 install scripts (516ms)
svelte|2026-05-01 → 20 pkgs, 8 publishers, 0 install scripts (7ms)
svelte|2026-06-01 → 20 pkgs, 8 publishers, 0 install scripts (3ms)
svelte|2026-07-01 → 20 pkgs, 8 publishers, 0 install scripts (3ms)
svelte|2026-08-18 → 20 pkgs, 8 publishers, 0 install scripts (3ms)
prisma|2024-08-01 → 0 pkgs, 0 publishers, 0 install scripts (2019ms)
prisma|2024-09-01 → 0 pkgs, 0 publishers, 0 install scripts (17ms)
prisma|2024-10-01 → 0 pkgs, 0 publishers, 0 install scripts (18ms)
prisma|2024-11-01 → 0 pkgs, 0 publishers, 0 install scripts (18ms)
prisma|2024-12-01 → 1 pkgs, 1 publishers, 0 install scripts (17ms)
prisma|2025-01-01 → 1 pkgs, 1 publishers, 0 install scripts (17ms)
prisma|2025-02-01 → 1 pkgs, 1 publishers, 0 install scripts (16ms)
prisma|2025-03-01 → 1 pkgs, 1 publishers, 0 install scripts (17ms)
prisma|2025-04-01 → 1 pkgs, 1 publishers, 0 install scripts (16ms)
prisma|2025-05-01 → 1 pkgs, 1 publishers, 0 install scripts (17ms)
prisma|2025-06-01 → 1 pkgs, 1 publishers, 0 install scripts (18ms)
prisma|2025-07-01 → 1 pkgs, 1 publishers, 0 install scripts (18ms)
prisma|2025-08-01 → 1 pkgs, 1 publishers, 0 install scripts (17ms)
prisma|2025-09-01 → 1 pkgs, 1 publishers, 0 install scripts (18ms)
prisma|2025-10-01 → 1 pkgs, 1 publishers, 0 install scripts (19ms)
prisma|2025-11-01 → 1 pkgs, 1 publishers, 0 install scripts (19ms)
prisma|2025-12-01 → 1 pkgs, 1 publishers, 0 install scripts (19ms)
prisma|2026-01-01 → 1 pkgs, 1 publishers, 0 install scripts (19ms)
prisma|2026-02-01 → 1 pkgs, 1 publishers, 0 install scripts (18ms)
prisma|2026-03-01 → 1 pkgs, 1 publishers, 0 install scripts (17ms)
prisma|2026-04-01 → 1 pkgs, 1 publishers, 0 install scripts (17ms)
prisma|2026-05-01 → 1 pkgs, 1 publishers, 0 install scripts (19ms)
prisma|2026-06-01 → 1 pkgs, 1 publishers, 0 install scripts (17ms)
prisma|2026-07-01 → 1 pkgs, 1 publishers, 0 install scripts (19ms)
prisma|2026-08-18 → 1 pkgs, 1 publishers, 0 install scripts (20ms)
typeorm|2024-08-01 → 62 pkgs, 31 publishers, 0 install scripts (660ms)
typeorm|2024-09-01 → 62 pkgs, 31 publishers, 0 install scripts (5ms)
typeorm|2024-10-01 → 62 pkgs, 31 publishers, 0 install scripts (5ms)
typeorm|2024-11-01 → 62 pkgs, 31 publishers, 0 install scripts (8ms)
typeorm|2024-12-01 → 62 pkgs, 31 publishers, 0 install scripts (5ms)
typeorm|2025-01-01 → 62 pkgs, 31 publishers, 0 install scripts (5ms)
typeorm|2025-02-01 → 62 pkgs, 31 publishers, 0 install scripts (6ms)
typeorm|2025-03-01 → 62 pkgs, 31 publishers, 0 install scripts (7ms)
typeorm|2025-04-01 → 47 pkgs, 27 publishers, 0 install scripts (60ms)
typeorm|2025-05-01 → 47 pkgs, 27 publishers, 0 install scripts (4ms)
typeorm|2025-06-01 → 48 pkgs, 28 publishers, 0 install scripts (33ms)
typeorm|2025-07-01 → 48 pkgs, 28 publishers, 0 install scripts (5ms)
typeorm|2025-08-01 → 75 pkgs, 29 publishers, 0 install scripts (164ms)
typeorm|2025-09-01 → 75 pkgs, 29 publishers, 0 install scripts (5ms)
typeorm|2025-10-01 → 78 pkgs, 29 publishers, 0 install scripts (5ms)
typeorm|2025-11-01 → 78 pkgs, 29 publishers, 0 install scripts (6ms)
typeorm|2025-12-01 → 78 pkgs, 29 publishers, 0 install scripts (5ms)
typeorm|2026-01-01 → 79 pkgs, 30 publishers, 0 install scripts (5ms)
typeorm|2026-02-01 → 79 pkgs, 30 publishers, 0 install scripts (6ms)
typeorm|2026-03-01 → 79 pkgs, 30 publishers, 0 install scripts (5ms)
typeorm|2026-04-01 → 79 pkgs, 30 publishers, 0 install scripts (7ms)
typeorm|2026-05-01 → 79 pkgs, 29 publishers, 0 install scripts (7ms)
typeorm|2026-06-01 → 79 pkgs, 28 publishers, 0 install scripts (6ms)
typeorm|2026-07-01 → 79 pkgs, 29 publishers, 0 install scripts (6ms)
typeorm|2026-08-18 → 79 pkgs, 29 publishers, 0 install scripts (7ms)
jest|2024-08-01 → 265 pkgs, 73 publishers, 0 install scripts (4456ms)
jest|2024-09-01 → 268 pkgs, 73 publishers, 0 install scripts (201ms)
jest|2024-10-01 → 268 pkgs, 73 publishers, 0 install scripts (135ms)
jest|2024-11-01 → 258 pkgs, 72 publishers, 0 install scripts (129ms)
jest|2024-12-01 → 258 pkgs, 72 publishers, 0 install scripts (127ms)
jest|2025-01-01 → 258 pkgs, 72 publishers, 0 install scripts (128ms)
jest|2025-02-01 → 258 pkgs, 72 publishers, 0 install scripts (130ms)
jest|2025-03-01 → 258 pkgs, 72 publishers, 0 install scripts (131ms)
jest|2025-04-01 → 258 pkgs, 72 publishers, 0 install scripts (129ms)
jest|2025-05-01 → 258 pkgs, 72 publishers, 0 install scripts (126ms)
jest|2025-06-01 → 258 pkgs, 72 publishers, 0 install scripts (141ms)
jest|2025-07-01 → 257 pkgs, 72 publishers, 0 install scripts (136ms)
jest|2025-08-01 → 257 pkgs, 72 publishers, 0 install scripts (171ms)
jest|2025-09-01 → 257 pkgs, 72 publishers, 0 install scripts (143ms)
jest|2025-10-01 → 258 pkgs, 73 publishers, 0 install scripts (182ms)
jest|2025-11-01 → 258 pkgs, 71 publishers, 0 install scripts (138ms)
jest|2025-12-01 → 258 pkgs, 71 publishers, 0 install scripts (131ms)
jest|2026-01-01 → 258 pkgs, 71 publishers, 0 install scripts (137ms)
jest|2026-02-01 → 258 pkgs, 71 publishers, 0 install scripts (149ms)
jest|2026-03-01 → 258 pkgs, 69 publishers, 0 install scripts (151ms)
jest|2026-04-01 → 258 pkgs, 67 publishers, 0 install scripts (139ms)
jest|2026-05-01 → 259 pkgs, 67 publishers, 0 install scripts (139ms)
jest|2026-06-01 → 259 pkgs, 66 publishers, 0 install scripts (147ms)
jest|2026-07-01 → 259 pkgs, 67 publishers, 0 install scripts (148ms)
jest|2026-08-18 → 259 pkgs, 66 publishers, 0 install scripts (146ms)
eslint|2024-08-01 → 89 pkgs, 35 publishers, 0 install scripts (643ms)
eslint|2024-09-01 → 89 pkgs, 35 publishers, 0 install scripts (5ms)
eslint|2024-10-01 → 93 pkgs, 36 publishers, 0 install scripts (89ms)
eslint|2024-11-01 → 85 pkgs, 33 publishers, 0 install scripts (95ms)
eslint|2024-12-01 → 85 pkgs, 33 publishers, 0 install scripts (6ms)
eslint|2025-01-01 → 85 pkgs, 33 publishers, 0 install scripts (5ms)
eslint|2025-02-01 → 85 pkgs, 33 publishers, 0 install scripts (4ms)
eslint|2025-03-01 → 85 pkgs, 33 publishers, 0 install scripts (6ms)
eslint|2025-04-01 → 86 pkgs, 33 publishers, 0 install scripts (51ms)
eslint|2025-05-01 → 86 pkgs, 33 publishers, 0 install scripts (5ms)
eslint|2025-06-01 → 86 pkgs, 33 publishers, 0 install scripts (6ms)
eslint|2025-07-01 → 87 pkgs, 33 publishers, 0 install scripts (5ms)
eslint|2025-08-01 → 86 pkgs, 33 publishers, 0 install scripts (6ms)
eslint|2025-09-01 → 86 pkgs, 33 publishers, 0 install scripts (5ms)
eslint|2025-10-01 → 85 pkgs, 33 publishers, 0 install scripts (5ms)
eslint|2025-11-01 → 85 pkgs, 34 publishers, 0 install scripts (5ms)
eslint|2025-12-01 → 85 pkgs, 34 publishers, 0 install scripts (5ms)
eslint|2026-01-01 → 85 pkgs, 33 publishers, 0 install scripts (5ms)
eslint|2026-02-01 → 85 pkgs, 33 publishers, 0 install scripts (5ms)
eslint|2026-03-01 → 85 pkgs, 33 publishers, 0 install scripts (6ms)
eslint|2026-04-01 → 85 pkgs, 33 publishers, 0 install scripts (5ms)
eslint|2026-05-01 → 86 pkgs, 33 publishers, 0 install scripts (45ms)
eslint|2026-06-01 → 86 pkgs, 33 publishers, 0 install scripts (5ms)
eslint|2026-07-01 → 86 pkgs, 33 publishers, 0 install scripts (6ms)
eslint|2026-08-18 → 86 pkgs, 33 publishers, 0 install scripts (5ms)
webpack|2024-08-01 → 78 pkgs, 35 publishers, 0 install scripts (691ms)
webpack|2024-09-01 → 76 pkgs, 35 publishers, 0 install scripts (16ms)
webpack|2024-10-01 → 76 pkgs, 35 publishers, 0 install scripts (17ms)
webpack|2024-11-01 → 75 pkgs, 35 publishers, 0 install scripts (14ms)
webpack|2024-12-01 → 77 pkgs, 35 publishers, 0 install scripts (16ms)
webpack|2025-01-01 → 84 pkgs, 36 publishers, 0 install scripts (17ms)
webpack|2025-02-01 → 84 pkgs, 37 publishers, 0 install scripts (18ms)
webpack|2025-03-01 → 77 pkgs, 36 publishers, 0 install scripts (16ms)
webpack|2025-04-01 → 77 pkgs, 36 publishers, 0 install scripts (19ms)
webpack|2025-05-01 → 77 pkgs, 35 publishers, 0 install scripts (17ms)
webpack|2025-06-01 → 77 pkgs, 35 publishers, 0 install scripts (17ms)
webpack|2025-07-01 → 76 pkgs, 35 publishers, 0 install scripts (16ms)
webpack|2025-08-01 → 77 pkgs, 36 publishers, 0 install scripts (41ms)
webpack|2025-09-01 → 77 pkgs, 36 publishers, 0 install scripts (16ms)
webpack|2025-10-01 → 78 pkgs, 37 publishers, 0 install scripts (16ms)
webpack|2025-11-01 → 78 pkgs, 35 publishers, 0 install scripts (17ms)
webpack|2025-12-01 → 78 pkgs, 35 publishers, 0 install scripts (18ms)
webpack|2026-01-01 → 78 pkgs, 35 publishers, 0 install scripts (18ms)
webpack|2026-02-01 → 78 pkgs, 35 publishers, 0 install scripts (18ms)
webpack|2026-03-01 → 78 pkgs, 34 publishers, 0 install scripts (17ms)
webpack|2026-04-01 → 75 pkgs, 30 publishers, 0 install scripts (18ms)
webpack|2026-05-01 → 73 pkgs, 30 publishers, 0 install scripts (17ms)
webpack|2026-06-01 → 71 pkgs, 29 publishers, 0 install scripts (16ms)
webpack|2026-07-01 → 70 pkgs, 28 publishers, 0 install scripts (60ms)
webpack|2026-08-18 → 68 pkgs, 26 publishers, 0 install scripts (23ms)
axios|2024-08-01 → 9 pkgs, 7 publishers, 0 install scripts (140ms)
axios|2024-09-01 → 9 pkgs, 7 publishers, 0 install scripts (0ms)
axios|2024-10-01 → 9 pkgs, 7 publishers, 0 install scripts (0ms)
axios|2024-11-01 → 9 pkgs, 7 publishers, 0 install scripts (1ms)
axios|2024-12-01 → 9 pkgs, 7 publishers, 0 install scripts (1ms)
axios|2025-01-01 → 9 pkgs, 7 publishers, 0 install scripts (1ms)
axios|2025-02-01 → 9 pkgs, 7 publishers, 0 install scripts (3ms)
axios|2025-03-01 → 23 pkgs, 7 publishers, 0 install scripts (23ms)
axios|2025-04-01 → 23 pkgs, 7 publishers, 0 install scripts (1ms)
axios|2025-05-01 → 23 pkgs, 7 publishers, 0 install scripts (1ms)
axios|2025-06-01 → 23 pkgs, 7 publishers, 0 install scripts (1ms)
axios|2025-07-01 → 23 pkgs, 7 publishers, 0 install scripts (1ms)
axios|2025-08-01 → 23 pkgs, 7 publishers, 0 install scripts (1ms)
axios|2025-09-01 → 23 pkgs, 7 publishers, 0 install scripts (1ms)
axios|2025-10-01 → 26 pkgs, 7 publishers, 0 install scripts (2ms)
axios|2025-11-01 → 26 pkgs, 7 publishers, 0 install scripts (1ms)
axios|2025-12-01 → 26 pkgs, 7 publishers, 0 install scripts (1ms)
axios|2026-01-01 → 26 pkgs, 7 publishers, 0 install scripts (1ms)
axios|2026-02-01 → 26 pkgs, 7 publishers, 0 install scripts (1ms)
axios|2026-03-01 → 26 pkgs, 7 publishers, 0 install scripts (1ms)
axios|2026-04-01 → 26 pkgs, 7 publishers, 0 install scripts (1ms)
axios|2026-05-01 → 26 pkgs, 7 publishers, 0 install scripts (1ms)
axios|2026-06-01 → 30 pkgs, 10 publishers, 0 install scripts (61ms)
axios|2026-07-01 → 30 pkgs, 10 publishers, 0 install scripts (3ms)
axios|2026-08-18 → 30 pkgs, 10 publishers, 0 install scripts (1ms)
done
express-api|2024-08-01 → 3 pkgs, 2 publishers, 0 install scripts (151ms)
express-api|2024-09-01 → 3 pkgs, 2 publishers, 0 install scripts (1ms)
express-api|2024-10-01 → 80 pkgs, 20 publishers, 2 install scripts (510ms)
express-api|2024-11-01 → 80 pkgs, 20 publishers, 2 install scripts (12ms)
express-api|2024-12-01 → 80 pkgs, 20 publishers, 2 install scripts (7ms)
express-api|2025-01-01 → 83 pkgs, 20 publishers, 2 install scripts (89ms)
express-api|2025-02-01 → 84 pkgs, 20 publishers, 2 install scripts (23ms)
express-api|2025-03-01 → 81 pkgs, 20 publishers, 1 install scripts (8ms)
express-api|2025-04-01 → 68 pkgs, 17 publishers, 1 install scripts (9ms)
express-api|2025-05-01 → 68 pkgs, 17 publishers, 1 install scripts (5ms)
express-api|2025-06-01 → 68 pkgs, 17 publishers, 1 install scripts (6ms)
express-api|2025-07-01 → 69 pkgs, 17 publishers, 1 install scripts (6ms)
express-api|2025-08-01 → 69 pkgs, 17 publishers, 1 install scripts (5ms)
express-api|2025-09-01 → 69 pkgs, 17 publishers, 1 install scripts (4ms)
express-api|2025-10-01 → 73 pkgs, 18 publishers, 1 install scripts (37ms)
express-api|2025-11-01 → 73 pkgs, 18 publishers, 1 install scripts (4ms)
express-api|2025-12-01 → 70 pkgs, 16 publishers, 1 install scripts (6ms)
express-api|2026-01-01 → 70 pkgs, 16 publishers, 1 install scripts (5ms)
express-api|2026-02-01 → 70 pkgs, 16 publishers, 1 install scripts (4ms)
express-api|2026-03-01 → 70 pkgs, 16 publishers, 1 install scripts (5ms)
express-api|2026-04-01 → 70 pkgs, 16 publishers, 1 install scripts (5ms)
express-api|2026-05-01 → 70 pkgs, 16 publishers, 1 install scripts (4ms)
express-api|2026-06-01 → 71 pkgs, 16 publishers, 2 install scripts (4ms)
express-api|2026-07-01 → 71 pkgs, 16 publishers, 2 install scripts (4ms)
express-api|2026-08-18 → 71 pkgs, 16 publishers, 2 install scripts (5ms)
fastify|2024-08-01 → 0 pkgs, 0 publishers, 0 install scripts (71ms)
fastify|2024-09-01 → 0 pkgs, 0 publishers, 0 install scripts (0ms)
fastify|2024-10-01 → 56 pkgs, 21 publishers, 3 install scripts (438ms)
fastify|2024-11-01 → 46 pkgs, 18 publishers, 4 install scripts (6ms)
fastify|2024-12-01 → 46 pkgs, 18 publishers, 4 install scripts (4ms)
fastify|2025-01-01 → 46 pkgs, 19 publishers, 4 install scripts (5ms)
fastify|2025-02-01 → 46 pkgs, 19 publishers, 4 install scripts (87ms)
fastify|2025-03-01 → 46 pkgs, 19 publishers, 4 install scripts (6ms)
fastify|2025-04-01 → 46 pkgs, 19 publishers, 4 install scripts (5ms)
fastify|2025-05-01 → 47 pkgs, 19 publishers, 4 install scripts (6ms)
fastify|2025-06-01 → 47 pkgs, 19 publishers, 4 install scripts (6ms)
fastify|2025-07-01 → 47 pkgs, 19 publishers, 4 install scripts (6ms)
fastify|2025-08-01 → 47 pkgs, 19 publishers, 4 install scripts (4ms)
fastify|2025-09-01 → 47 pkgs, 19 publishers, 4 install scripts (5ms)
fastify|2025-10-01 → 47 pkgs, 20 publishers, 4 install scripts (27ms)
fastify|2025-11-01 → 47 pkgs, 19 publishers, 4 install scripts (36ms)
fastify|2025-12-01 → 47 pkgs, 19 publishers, 4 install scripts (8ms)
fastify|2026-01-01 → 47 pkgs, 19 publishers, 4 install scripts (6ms)
fastify|2026-02-01 → 47 pkgs, 19 publishers, 4 install scripts (4ms)
fastify|2026-03-01 → 47 pkgs, 20 publishers, 4 install scripts (4ms)
fastify|2026-04-01 → 47 pkgs, 20 publishers, 4 install scripts (5ms)
fastify|2026-05-01 → 47 pkgs, 20 publishers, 4 install scripts (4ms)
fastify|2026-06-01 → 48 pkgs, 18 publishers, 3 install scripts (5ms)
fastify|2026-07-01 → 48 pkgs, 18 publishers, 3 install scripts (4ms)
fastify|2026-08-18 → 49 pkgs, 18 publishers, 3 install scripts (5ms)
nestjs|2024-08-01 → 3 pkgs, 3 publishers, 0 install scripts (106ms)
nestjs|2024-09-01 → 3 pkgs, 3 publishers, 0 install scripts (1ms)
nestjs|2024-10-01 → 3 pkgs, 3 publishers, 0 install scripts (1ms)
nestjs|2024-11-01 → 3 pkgs, 3 publishers, 0 install scripts (1ms)
nestjs|2024-12-01 → 3 pkgs, 3 publishers, 0 install scripts (1ms)
nestjs|2025-01-01 → 3 pkgs, 3 publishers, 0 install scripts (1ms)
nestjs|2025-02-01 → 12 pkgs, 10 publishers, 2 install scripts (86ms)
nestjs|2025-03-01 → 12 pkgs, 10 publishers, 2 install scripts (3ms)
nestjs|2025-04-01 → 12 pkgs, 10 publishers, 2 install scripts (2ms)
nestjs|2025-05-01 → 24 pkgs, 16 publishers, 2 install scripts (131ms)
nestjs|2025-06-01 → 24 pkgs, 16 publishers, 2 install scripts (3ms)
nestjs|2025-07-01 → 23 pkgs, 16 publishers, 2 install scripts (3ms)
nestjs|2025-08-01 → 23 pkgs, 16 publishers, 2 install scripts (2ms)
nestjs|2025-09-01 → 24 pkgs, 16 publishers, 2 install scripts (30ms)
nestjs|2025-10-01 → 24 pkgs, 16 publishers, 2 install scripts (3ms)
nestjs|2025-11-01 → 24 pkgs, 16 publishers, 2 install scripts (4ms)
nestjs|2025-12-01 → 24 pkgs, 16 publishers, 2 install scripts (2ms)
nestjs|2026-01-01 → 23 pkgs, 15 publishers, 2 install scripts (2ms)
nestjs|2026-02-01 → 23 pkgs, 15 publishers, 2 install scripts (3ms)
nestjs|2026-03-01 → 23 pkgs, 15 publishers, 2 install scripts (2ms)
nestjs|2026-04-01 → 23 pkgs, 15 publishers, 2 install scripts (3ms)
nestjs|2026-05-01 → 23 pkgs, 15 publishers, 2 install scripts (3ms)
nestjs|2026-06-01 → 23 pkgs, 15 publishers, 2 install scripts (4ms)
nestjs|2026-07-01 → 21 pkgs, 13 publishers, 1 install scripts (3ms)
nestjs|2026-08-18 → 21 pkgs, 13 publishers, 1 install scripts (2ms)
next|2024-08-01 → 0 pkgs, 0 publishers, 0 install scripts (807ms)
next|2024-09-01 → 0 pkgs, 0 publishers, 0 install scripts (13ms)
next|2024-10-01 → 0 pkgs, 0 publishers, 0 install scripts (13ms)
next|2024-11-01 → 0 pkgs, 0 publishers, 0 install scripts (15ms)
next|2024-12-01 → 0 pkgs, 0 publishers, 0 install scripts (16ms)
next|2025-01-01 → 3 pkgs, 1 publishers, 0 install scripts (194ms)
next|2025-02-01 → 3 pkgs, 1 publishers, 0 install scripts (18ms)
next|2025-03-01 → 3 pkgs, 1 publishers, 0 install scripts (17ms)
next|2025-04-01 → 3 pkgs, 1 publishers, 0 install scripts (17ms)
next|2025-05-01 → 3 pkgs, 1 publishers, 0 install scripts (18ms)
next|2025-06-01 → 3 pkgs, 1 publishers, 0 install scripts (18ms)
next|2025-07-01 → 3 pkgs, 1 publishers, 0 install scripts (18ms)
next|2025-08-01 → 3 pkgs, 1 publishers, 0 install scripts (17ms)
next|2025-09-01 → 3 pkgs, 1 publishers, 0 install scripts (18ms)
next|2025-10-01 → 3 pkgs, 1 publishers, 0 install scripts (18ms)
next|2025-11-01 → 3 pkgs, 1 publishers, 0 install scripts (19ms)
next|2025-12-01 → 3 pkgs, 1 publishers, 0 install scripts (18ms)
next|2026-01-01 → 14 pkgs, 9 publishers, 0 install scripts (435ms)
next|2026-02-01 → 14 pkgs, 9 publishers, 0 install scripts (28ms)
next|2026-03-01 → 14 pkgs, 9 publishers, 0 install scripts (26ms)
next|2026-04-01 → 14 pkgs, 9 publishers, 0 install scripts (24ms)
next|2026-05-01 → 14 pkgs, 9 publishers, 0 install scripts (26ms)
next|2026-06-01 → 14 pkgs, 9 publishers, 0 install scripts (25ms)
next|2026-07-01 → 14 pkgs, 9 publishers, 0 install scripts (24ms)
next|2026-08-18 → 14 pkgs, 9 publishers, 0 install scripts (27ms)
vite-react|2024-08-01 → 0 pkgs, 0 publishers, 0 install scripts (1605ms)
vite-react|2024-09-01 → 0 pkgs, 0 publishers, 0 install scripts (9ms)
vite-react|2024-10-01 → 0 pkgs, 0 publishers, 0 install scripts (11ms)
vite-react|2024-11-01 → 0 pkgs, 0 publishers, 0 install scripts (8ms)
vite-react|2024-12-01 → 8 pkgs, 7 publishers, 2 install scripts (231ms)
vite-react|2025-01-01 → 11 pkgs, 8 publishers, 2 install scripts (23ms)
vite-react|2025-02-01 → 11 pkgs, 8 publishers, 2 install scripts (17ms)
vite-react|2025-03-01 → 11 pkgs, 8 publishers, 2 install scripts (18ms)
vite-react|2025-04-01 → 11 pkgs, 8 publishers, 2 install scripts (17ms)
vite-react|2025-05-01 → 14 pkgs, 11 publishers, 2 install scripts (43ms)
vite-react|2025-06-01 → 14 pkgs, 11 publishers, 2 install scripts (20ms)
vite-react|2025-07-01 → 14 pkgs, 11 publishers, 2 install scripts (16ms)
vite-react|2025-08-01 → 14 pkgs, 11 publishers, 2 install scripts (20ms)
vite-react|2025-09-01 → 14 pkgs, 11 publishers, 2 install scripts (20ms)
vite-react|2025-10-01 → 14 pkgs, 11 publishers, 2 install scripts (18ms)
vite-react|2025-11-01 → 14 pkgs, 10 publishers, 2 install scripts (17ms)
vite-react|2025-12-01 → 14 pkgs, 10 publishers, 2 install scripts (19ms)
vite-react|2026-01-01 → 14 pkgs, 10 publishers, 2 install scripts (20ms)
vite-react|2026-02-01 → 14 pkgs, 10 publishers, 2 install scripts (18ms)
vite-react|2026-03-01 → 14 pkgs, 10 publishers, 2 install scripts (25ms)
vite-react|2026-04-01 → 14 pkgs, 10 publishers, 2 install scripts (18ms)
vite-react|2026-05-01 → 14 pkgs, 9 publishers, 2 install scripts (19ms)
vite-react|2026-06-01 → 14 pkgs, 9 publishers, 2 install scripts (20ms)
vite-react|2026-07-01 → 14 pkgs, 8 publishers, 2 install scripts (20ms)
vite-react|2026-08-18 → 14 pkgs, 8 publishers, 2 install scripts (17ms)
angular|2024-08-01 → 2 pkgs, 2 publishers, 0 install scripts (131ms)
angular|2024-09-01 → 3 pkgs, 3 publishers, 0 install scripts (5ms)
angular|2024-10-01 → 3 pkgs, 3 publishers, 0 install scripts (3ms)
angular|2024-11-01 → 3 pkgs, 3 publishers, 0 install scripts (3ms)
angular|2024-12-01 → 5 pkgs, 3 publishers, 0 install scripts (3ms)
angular|2025-01-01 → 5 pkgs, 3 publishers, 0 install scripts (3ms)
angular|2025-02-01 → 5 pkgs, 3 publishers, 0 install scripts (3ms)
angular|2025-03-01 → 5 pkgs, 3 publishers, 0 install scripts (3ms)
angular|2025-04-01 → 5 pkgs, 3 publishers, 0 install scripts (5ms)
angular|2025-05-01 → 5 pkgs, 3 publishers, 0 install scripts (3ms)
angular|2025-06-01 → 5 pkgs, 3 publishers, 0 install scripts (3ms)
angular|2025-07-01 → 5 pkgs, 3 publishers, 0 install scripts (3ms)
angular|2025-08-01 → 5 pkgs, 3 publishers, 0 install scripts (4ms)
angular|2025-09-01 → 5 pkgs, 3 publishers, 0 install scripts (3ms)
angular|2025-10-01 → 5 pkgs, 3 publishers, 0 install scripts (4ms)
angular|2025-11-01 → 5 pkgs, 3 publishers, 0 install scripts (3ms)
angular|2025-12-01 → 5 pkgs, 3 publishers, 0 install scripts (4ms)
angular|2026-01-01 → 5 pkgs, 3 publishers, 0 install scripts (3ms)
angular|2026-02-01 → 5 pkgs, 3 publishers, 0 install scripts (3ms)
angular|2026-03-01 → 5 pkgs, 3 publishers, 0 install scripts (3ms)
angular|2026-04-01 → 5 pkgs, 3 publishers, 0 install scripts (4ms)
angular|2026-05-01 → 5 pkgs, 3 publishers, 0 install scripts (4ms)
angular|2026-06-01 → 5 pkgs, 3 publishers, 0 install scripts (3ms)
angular|2026-07-01 → 5 pkgs, 3 publishers, 0 install scripts (3ms)
angular|2026-08-18 → 5 pkgs, 3 publishers, 0 install scripts (4ms)
vue|2024-08-01 → 0 pkgs, 0 publishers, 0 install scripts (228ms)
vue|2024-09-01 → 0 pkgs, 0 publishers, 0 install scripts (1ms)
vue|2024-10-01 → 24 pkgs, 11 publishers, 2 install scripts (630ms)
vue|2024-11-01 → 23 pkgs, 10 publishers, 2 install scripts (11ms)
vue|2024-12-01 → 23 pkgs, 10 publishers, 2 install scripts (11ms)
vue|2025-01-01 → 23 pkgs, 10 publishers, 1 install scripts (9ms)
vue|2025-02-01 → 23 pkgs, 10 publishers, 1 install scripts (8ms)
vue|2025-03-01 → 23 pkgs, 10 publishers, 1 install scripts (10ms)
vue|2025-04-01 → 23 pkgs, 10 publishers, 1 install scripts (10ms)
vue|2025-05-01 → 23 pkgs, 10 publishers, 1 install scripts (10ms)
vue|2025-06-01 → 23 pkgs, 10 publishers, 1 install scripts (10ms)
vue|2025-07-01 → 23 pkgs, 10 publishers, 1 install scripts (10ms)
vue|2025-08-01 → 23 pkgs, 10 publishers, 1 install scripts (10ms)
vue|2025-09-01 → 23 pkgs, 10 publishers, 2 install scripts (9ms)
vue|2025-10-01 → 23 pkgs, 10 publishers, 2 install scripts (10ms)
vue|2025-11-01 → 23 pkgs, 9 publishers, 1 install scripts (9ms)
vue|2025-12-01 → 23 pkgs, 9 publishers, 1 install scripts (10ms)
vue|2026-01-01 → 23 pkgs, 9 publishers, 0 install scripts (10ms)
vue|2026-02-01 → 23 pkgs, 9 publishers, 0 install scripts (11ms)
vue|2026-03-01 → 23 pkgs, 9 publishers, 0 install scripts (10ms)
vue|2026-04-01 → 23 pkgs, 9 publishers, 0 install scripts (11ms)
vue|2026-05-01 → 23 pkgs, 9 publishers, 0 install scripts (10ms)
vue|2026-06-01 → 23 pkgs, 8 publishers, 0 install scripts (11ms)
vue|2026-07-01 → 23 pkgs, 7 publishers, 0 install scripts (11ms)
vue|2026-08-18 → 23 pkgs, 7 publishers, 0 install scripts (12ms)
svelte|2024-08-01 → 0 pkgs, 0 publishers, 0 install scripts (120ms)
svelte|2024-09-01 → 0 pkgs, 0 publishers, 0 install scripts (1ms)
svelte|2024-10-01 → 0 pkgs, 0 publishers, 0 install scripts (1ms)
svelte|2024-11-01 → 18 pkgs, 9 publishers, 2 install scripts (465ms)
svelte|2024-12-01 → 18 pkgs, 9 publishers, 2 install scripts (3ms)
svelte|2025-01-01 → 19 pkgs, 10 publishers, 1 install scripts (20ms)
svelte|2025-02-01 → 19 pkgs, 10 publishers, 1 install scripts (2ms)
svelte|2025-03-01 → 19 pkgs, 10 publishers, 1 install scripts (2ms)
svelte|2025-04-01 → 19 pkgs, 9 publishers, 1 install scripts (32ms)
svelte|2025-05-01 → 19 pkgs, 9 publishers, 1 install scripts (3ms)
svelte|2025-06-01 → 19 pkgs, 9 publishers, 1 install scripts (2ms)
svelte|2025-07-01 → 18 pkgs, 9 publishers, 1 install scripts (2ms)
svelte|2025-08-01 → 18 pkgs, 9 publishers, 1 install scripts (3ms)
svelte|2025-09-01 → 18 pkgs, 9 publishers, 2 install scripts (31ms)
svelte|2025-10-01 → 18 pkgs, 10 publishers, 2 install scripts (3ms)
svelte|2025-11-01 → 18 pkgs, 8 publishers, 1 install scripts (3ms)
svelte|2025-12-01 → 19 pkgs, 8 publishers, 1 install scripts (29ms)
svelte|2026-01-01 → 19 pkgs, 8 publishers, 1 install scripts (3ms)
svelte|2026-02-01 → 19 pkgs, 8 publishers, 1 install scripts (3ms)
svelte|2026-03-01 → 20 pkgs, 8 publishers, 1 install scripts (24ms)
svelte|2026-04-01 → 21 pkgs, 8 publishers, 1 install scripts (386ms)
svelte|2026-05-01 → 20 pkgs, 8 publishers, 1 install scripts (4ms)
svelte|2026-06-01 → 20 pkgs, 8 publishers, 1 install scripts (4ms)
svelte|2026-07-01 → 20 pkgs, 8 publishers, 1 install scripts (3ms)
svelte|2026-08-18 → 20 pkgs, 8 publishers, 1 install scripts (8ms)
prisma|2024-08-01 → 0 pkgs, 0 publishers, 0 install scripts (1683ms)
prisma|2024-09-01 → 0 pkgs, 0 publishers, 0 install scripts (20ms)
prisma|2024-10-01 → 0 pkgs, 0 publishers, 0 install scripts (20ms)
prisma|2024-11-01 → 0 pkgs, 0 publishers, 0 install scripts (18ms)
prisma|2024-12-01 → 1 pkgs, 1 publishers, 1 install scripts (16ms)
prisma|2025-01-01 → 1 pkgs, 1 publishers, 1 install scripts (16ms)
prisma|2025-02-01 → 1 pkgs, 1 publishers, 1 install scripts (16ms)
prisma|2025-03-01 → 1 pkgs, 1 publishers, 1 install scripts (16ms)
prisma|2025-04-01 → 1 pkgs, 1 publishers, 1 install scripts (17ms)
prisma|2025-05-01 → 1 pkgs, 1 publishers, 1 install scripts (18ms)
prisma|2025-06-01 → 1 pkgs, 1 publishers, 1 install scripts (17ms)
prisma|2025-07-01 → 1 pkgs, 1 publishers, 1 install scripts (17ms)
prisma|2025-08-01 → 1 pkgs, 1 publishers, 1 install scripts (18ms)
prisma|2025-09-01 → 1 pkgs, 1 publishers, 1 install scripts (17ms)
prisma|2025-10-01 → 1 pkgs, 1 publishers, 1 install scripts (17ms)
prisma|2025-11-01 → 1 pkgs, 1 publishers, 1 install scripts (18ms)
prisma|2025-12-01 → 1 pkgs, 1 publishers, 1 install scripts (17ms)
prisma|2026-01-01 → 1 pkgs, 1 publishers, 1 install scripts (18ms)
prisma|2026-02-01 → 1 pkgs, 1 publishers, 1 install scripts (19ms)
prisma|2026-03-01 → 1 pkgs, 1 publishers, 1 install scripts (19ms)
prisma|2026-04-01 → 1 pkgs, 1 publishers, 1 install scripts (19ms)
prisma|2026-05-01 → 1 pkgs, 1 publishers, 1 install scripts (18ms)
prisma|2026-06-01 → 1 pkgs, 1 publishers, 1 install scripts (19ms)
prisma|2026-07-01 → 1 pkgs, 1 publishers, 1 install scripts (18ms)
prisma|2026-08-18 → 1 pkgs, 1 publishers, 1 install scripts (18ms)
typeorm|2024-08-01 → 62 pkgs, 31 publishers, 10 install scripts (716ms)
typeorm|2024-09-01 → 62 pkgs, 31 publishers, 10 install scripts (6ms)
typeorm|2024-10-01 → 62 pkgs, 31 publishers, 10 install scripts (7ms)
typeorm|2024-11-01 → 62 pkgs, 31 publishers, 10 install scripts (6ms)
typeorm|2024-12-01 → 62 pkgs, 31 publishers, 10 install scripts (6ms)
typeorm|2025-01-01 → 62 pkgs, 31 publishers, 10 install scripts (5ms)
typeorm|2025-02-01 → 62 pkgs, 31 publishers, 10 install scripts (5ms)
typeorm|2025-03-01 → 62 pkgs, 31 publishers, 10 install scripts (7ms)
typeorm|2025-04-01 → 47 pkgs, 27 publishers, 7 install scripts (49ms)
typeorm|2025-05-01 → 47 pkgs, 27 publishers, 7 install scripts (4ms)
typeorm|2025-06-01 → 48 pkgs, 28 publishers, 9 install scripts (30ms)
typeorm|2025-07-01 → 48 pkgs, 28 publishers, 9 install scripts (6ms)
typeorm|2025-08-01 → 75 pkgs, 29 publishers, 9 install scripts (145ms)
typeorm|2025-09-01 → 75 pkgs, 29 publishers, 9 install scripts (5ms)
typeorm|2025-10-01 → 78 pkgs, 29 publishers, 8 install scripts (5ms)
typeorm|2025-11-01 → 78 pkgs, 29 publishers, 8 install scripts (5ms)
typeorm|2025-12-01 → 78 pkgs, 29 publishers, 8 install scripts (4ms)
typeorm|2026-01-01 → 79 pkgs, 30 publishers, 8 install scripts (4ms)
typeorm|2026-02-01 → 79 pkgs, 30 publishers, 8 install scripts (4ms)
typeorm|2026-03-01 → 79 pkgs, 30 publishers, 8 install scripts (6ms)
typeorm|2026-04-01 → 79 pkgs, 30 publishers, 9 install scripts (5ms)
typeorm|2026-05-01 → 79 pkgs, 29 publishers, 9 install scripts (5ms)
typeorm|2026-06-01 → 79 pkgs, 28 publishers, 8 install scripts (5ms)
typeorm|2026-07-01 → 79 pkgs, 29 publishers, 8 install scripts (6ms)
typeorm|2026-08-18 → 79 pkgs, 29 publishers, 8 install scripts (6ms)
jest|2024-08-01 → 265 pkgs, 73 publishers, 14 install scripts (3957ms)
jest|2024-09-01 → 268 pkgs, 73 publishers, 14 install scripts (212ms)
jest|2024-10-01 → 268 pkgs, 73 publishers, 14 install scripts (147ms)
jest|2024-11-01 → 258 pkgs, 72 publishers, 14 install scripts (155ms)
jest|2024-12-01 → 258 pkgs, 72 publishers, 14 install scripts (147ms)
jest|2025-01-01 → 258 pkgs, 72 publishers, 14 install scripts (151ms)
jest|2025-02-01 → 258 pkgs, 72 publishers, 14 install scripts (149ms)
jest|2025-03-01 → 258 pkgs, 72 publishers, 14 install scripts (140ms)
jest|2025-04-01 → 258 pkgs, 72 publishers, 14 install scripts (142ms)
jest|2025-05-01 → 258 pkgs, 72 publishers, 14 install scripts (140ms)
jest|2025-06-01 → 258 pkgs, 72 publishers, 14 install scripts (146ms)
jest|2025-07-01 → 257 pkgs, 72 publishers, 14 install scripts (143ms)
jest|2025-08-01 → 257 pkgs, 72 publishers, 14 install scripts (178ms)
jest|2025-09-01 → 257 pkgs, 72 publishers, 14 install scripts (150ms)
jest|2025-10-01 → 258 pkgs, 73 publishers, 13 install scripts (178ms)
jest|2025-11-01 → 258 pkgs, 71 publishers, 13 install scripts (145ms)
jest|2025-12-01 → 258 pkgs, 71 publishers, 13 install scripts (143ms)
jest|2026-01-01 → 258 pkgs, 71 publishers, 13 install scripts (143ms)
jest|2026-02-01 → 258 pkgs, 71 publishers, 13 install scripts (148ms)
jest|2026-03-01 → 258 pkgs, 69 publishers, 13 install scripts (151ms)
jest|2026-04-01 → 258 pkgs, 67 publishers, 14 install scripts (150ms)
jest|2026-05-01 → 259 pkgs, 67 publishers, 14 install scripts (157ms)
jest|2026-06-01 → 259 pkgs, 66 publishers, 14 install scripts (152ms)
jest|2026-07-01 → 259 pkgs, 67 publishers, 14 install scripts (154ms)
jest|2026-08-18 → 259 pkgs, 66 publishers, 14 install scripts (155ms)
eslint|2024-08-01 → 89 pkgs, 35 publishers, 8 install scripts (537ms)
eslint|2024-09-01 → 89 pkgs, 35 publishers, 8 install scripts (5ms)
eslint|2024-10-01 → 93 pkgs, 36 publishers, 7 install scripts (80ms)
eslint|2024-11-01 → 85 pkgs, 33 publishers, 9 install scripts (83ms)
eslint|2024-12-01 → 85 pkgs, 33 publishers, 10 install scripts (5ms)
eslint|2025-01-01 → 85 pkgs, 33 publishers, 10 install scripts (4ms)
eslint|2025-02-01 → 85 pkgs, 33 publishers, 10 install scripts (4ms)
eslint|2025-03-01 → 85 pkgs, 33 publishers, 10 install scripts (6ms)
eslint|2025-04-01 → 86 pkgs, 33 publishers, 10 install scripts (39ms)
eslint|2025-05-01 → 86 pkgs, 33 publishers, 10 install scripts (5ms)
eslint|2025-06-01 → 86 pkgs, 33 publishers, 10 install scripts (5ms)
eslint|2025-07-01 → 87 pkgs, 33 publishers, 10 install scripts (5ms)
eslint|2025-08-01 → 86 pkgs, 33 publishers, 10 install scripts (6ms)
eslint|2025-09-01 → 86 pkgs, 33 publishers, 10 install scripts (5ms)
eslint|2025-10-01 → 85 pkgs, 33 publishers, 9 install scripts (5ms)
eslint|2025-11-01 → 85 pkgs, 34 publishers, 9 install scripts (5ms)
eslint|2025-12-01 → 85 pkgs, 34 publishers, 9 install scripts (5ms)
eslint|2026-01-01 → 85 pkgs, 33 publishers, 9 install scripts (5ms)
eslint|2026-02-01 → 85 pkgs, 33 publishers, 9 install scripts (5ms)
eslint|2026-03-01 → 85 pkgs, 33 publishers, 9 install scripts (5ms)
eslint|2026-04-01 → 85 pkgs, 33 publishers, 9 install scripts (5ms)
eslint|2026-05-01 → 86 pkgs, 33 publishers, 10 install scripts (37ms)
eslint|2026-06-01 → 86 pkgs, 33 publishers, 10 install scripts (8ms)
eslint|2026-07-01 → 86 pkgs, 33 publishers, 10 install scripts (6ms)
eslint|2026-08-18 → 86 pkgs, 33 publishers, 10 install scripts (7ms)
webpack|2024-08-01 → 78 pkgs, 35 publishers, 6 install scripts (568ms)
webpack|2024-09-01 → 76 pkgs, 35 publishers, 6 install scripts (16ms)
webpack|2024-10-01 → 76 pkgs, 35 publishers, 6 install scripts (18ms)
webpack|2024-11-01 → 75 pkgs, 35 publishers, 6 install scripts (17ms)
webpack|2024-12-01 → 77 pkgs, 35 publishers, 6 install scripts (15ms)
webpack|2025-01-01 → 84 pkgs, 36 publishers, 7 install scripts (18ms)
webpack|2025-02-01 → 84 pkgs, 37 publishers, 7 install scripts (16ms)
webpack|2025-03-01 → 77 pkgs, 36 publishers, 6 install scripts (17ms)
webpack|2025-04-01 → 77 pkgs, 36 publishers, 6 install scripts (16ms)
webpack|2025-05-01 → 77 pkgs, 35 publishers, 6 install scripts (17ms)
webpack|2025-06-01 → 77 pkgs, 35 publishers, 6 install scripts (17ms)
webpack|2025-07-01 → 76 pkgs, 35 publishers, 6 install scripts (17ms)
webpack|2025-08-01 → 77 pkgs, 36 publishers, 6 install scripts (36ms)
webpack|2025-09-01 → 77 pkgs, 36 publishers, 6 install scripts (18ms)
webpack|2025-10-01 → 78 pkgs, 37 publishers, 6 install scripts (18ms)
webpack|2025-11-01 → 78 pkgs, 35 publishers, 6 install scripts (17ms)
webpack|2025-12-01 → 78 pkgs, 35 publishers, 6 install scripts (19ms)
webpack|2026-01-01 → 78 pkgs, 35 publishers, 6 install scripts (19ms)
webpack|2026-02-01 → 78 pkgs, 35 publishers, 6 install scripts (22ms)
webpack|2026-03-01 → 78 pkgs, 34 publishers, 6 install scripts (19ms)
webpack|2026-04-01 → 75 pkgs, 30 publishers, 6 install scripts (19ms)
webpack|2026-05-01 → 73 pkgs, 30 publishers, 6 install scripts (19ms)
webpack|2026-06-01 → 71 pkgs, 29 publishers, 6 install scripts (18ms)
webpack|2026-07-01 → 70 pkgs, 28 publishers, 6 install scripts (36ms)
webpack|2026-08-18 → 68 pkgs, 26 publishers, 6 install scripts (18ms)
axios|2024-08-01 → 9 pkgs, 7 publishers, 1 install scripts (113ms)
axios|2024-09-01 → 9 pkgs, 7 publishers, 1 install scripts (1ms)
axios|2024-10-01 → 9 pkgs, 7 publishers, 1 install scripts (1ms)
axios|2024-11-01 → 9 pkgs, 7 publishers, 1 install scripts (1ms)
axios|2024-12-01 → 9 pkgs, 7 publishers, 1 install scripts (0ms)
axios|2025-01-01 → 9 pkgs, 7 publishers, 1 install scripts (0ms)
axios|2025-02-01 → 9 pkgs, 7 publishers, 1 install scripts (1ms)
axios|2025-03-01 → 23 pkgs, 7 publishers, 1 install scripts (16ms)
axios|2025-04-01 → 23 pkgs, 7 publishers, 1 install scripts (1ms)
axios|2025-05-01 → 23 pkgs, 7 publishers, 1 install scripts (1ms)
axios|2025-06-01 → 23 pkgs, 7 publishers, 1 install scripts (1ms)
axios|2025-07-01 → 23 pkgs, 7 publishers, 1 install scripts (1ms)
axios|2025-08-01 → 23 pkgs, 7 publishers, 1 install scripts (1ms)
axios|2025-09-01 → 23 pkgs, 7 publishers, 1 install scripts (0ms)
axios|2025-10-01 → 26 pkgs, 7 publishers, 1 install scripts (0ms)
axios|2025-11-01 → 26 pkgs, 7 publishers, 1 install scripts (0ms)
axios|2025-12-01 → 26 pkgs, 7 publishers, 1 install scripts (1ms)
axios|2026-01-01 → 26 pkgs, 7 publishers, 1 install scripts (2ms)
axios|2026-02-01 → 26 pkgs, 7 publishers, 1 install scripts (1ms)
axios|2026-03-01 → 26 pkgs, 7 publishers, 1 install scripts (1ms)
axios|2026-04-01 → 26 pkgs, 7 publishers, 1 install scripts (1ms)
axios|2026-05-01 → 26 pkgs, 7 publishers, 1 install scripts (0ms)
axios|2026-06-01 → 30 pkgs, 10 publishers, 1 install scripts (40ms)
axios|2026-07-01 → 30 pkgs, 10 publishers, 1 install scripts (2ms)
axios|2026-08-18 → 30 pkgs, 10 publishers, 1 install scripts (1ms)
done
